Component: ARM Compiler 5.05 update 1 (build 106) Tool: armlink [4d0efa]

==============================================================================

Section Cross References

    main.o(i.main) refers to delay.o(i.delay_init) for delay_init
    main.o(i.main) refers to sys.o(i.NVIC_Configuration) for NVIC_Configuration
    main.o(i.main) refers to usart.o(i.uart_init) for uart_init
    main.o(i.main) refers to adc.o(i.Adc_Init) for Adc_Init
    main.o(i.main) refers to gpio.o(i.VALVE_Init) for VALVE_Init
    main.o(i.main) refers to gpio.o(i.MOTOR_Init) for MOTOR_Init
    main.o(i.main) refers to timer.o(i.TIM3_Int_Init) for TIM3_Int_Init
    main.o(i.main) refers to system_stm32f10x.o(i.SystemInit) for SystemInit
    main.o(i.main) refers to stm32f10x_flash.o(i.FLASH_Unlock) for FLASH_Unlock
    main.o(i.main) refers to eeprom.o(i.EE_Init) for EE_Init
    main.o(i.main) refers to delay.o(i.delay_ms) for delay_ms
    main.o(i.main) refers to rtc.o(i.RTC_Init) for RTC_Init
    main.o(i.main) refers to __2printf.o(.text) for __2printf
    main.o(i.main) refers to hc05.o(i.HC05_Init) for HC05_Init
    main.o(i.main) refers to hc05.o(i.HC05_CFG_CMDshow) for HC05_CFG_CMDshow
    main.o(i.main) refers to task.o(i.execution_instruction) for execution_instruction
    system_stm32f10x.o(i.SetSysClock) refers to system_stm32f10x.o(i.SetSysClockTo72) for SetSysClockTo72
    system_stm32f10x.o(i.SystemCoreClockUpdate) refers to system_stm32f10x.o(.data) for SystemCoreClock
    system_stm32f10x.o(i.SystemInit) refers to system_stm32f10x.o(i.SetSysClock) for SetSysClock
    adc.o(i.Adc_Init) refers to stm32f10x_rcc.o(i.RCC_APB2PeriphClockCmd) for RCC_APB2PeriphClockCmd
    adc.o(i.Adc_Init) refers to stm32f10x_rcc.o(i.RCC_ADCCLKConfig) for RCC_ADCCLKConfig
    adc.o(i.Adc_Init) refers to stm32f10x_gpio.o(i.GPIO_Init) for GPIO_Init
    adc.o(i.Adc_Init) refers to stm32f10x_adc.o(i.ADC_DeInit) for ADC_DeInit
    adc.o(i.Adc_Init) refers to stm32f10x_adc.o(i.ADC_Init) for ADC_Init
    adc.o(i.Adc_Init) refers to stm32f10x_adc.o(i.ADC_Cmd) for ADC_Cmd
    adc.o(i.Adc_Init) refers to stm32f10x_adc.o(i.ADC_ResetCalibration) for ADC_ResetCalibration
    adc.o(i.Adc_Init) refers to stm32f10x_adc.o(i.ADC_GetResetCalibrationStatus) for ADC_GetResetCalibrationStatus
    adc.o(i.Adc_Init) refers to stm32f10x_adc.o(i.ADC_StartCalibration) for ADC_StartCalibration
    adc.o(i.Adc_Init) refers to stm32f10x_adc.o(i.ADC_GetCalibrationStatus) for ADC_GetCalibrationStatus
    adc.o(i.Get_Adc) refers to stm32f10x_adc.o(i.ADC_RegularChannelConfig) for ADC_RegularChannelConfig
    adc.o(i.Get_Adc) refers to stm32f10x_adc.o(i.ADC_SoftwareStartConvCmd) for ADC_SoftwareStartConvCmd
    adc.o(i.Get_Adc) refers to stm32f10x_adc.o(i.ADC_GetFlagStatus) for ADC_GetFlagStatus
    adc.o(i.Get_Adc) refers to stm32f10x_adc.o(i.ADC_GetConversionValue) for ADC_GetConversionValue
    adc.o(i.Get_Adc_Average) refers to adc.o(i.Get_Adc) for Get_Adc
    adc.o(i.Get_Adc_Average) refers to delay.o(i.delay_us) for delay_us
    dma.o(i.MYDMA_Config) refers to stm32f10x_rcc.o(i.RCC_AHBPeriphClockCmd) for RCC_AHBPeriphClockCmd
    dma.o(i.MYDMA_Config) refers to stm32f10x_dma.o(i.DMA_DeInit) for DMA_DeInit
    dma.o(i.MYDMA_Config) refers to stm32f10x_dma.o(i.DMA_Init) for DMA_Init
    dma.o(i.MYDMA_Config) refers to dma.o(.data) for DMA1_MEM_LEN
    dma.o(i.MYDMA_Config) refers to dma.o(.bss) for DMA_InitStructure
    dma.o(i.MYDMA_Enable) refers to stm32f10x_dma.o(i.DMA_Cmd) for DMA_Cmd
    dma.o(i.MYDMA_Enable) refers to stm32f10x_dma.o(i.DMA_SetCurrDataCounter) for DMA_SetCurrDataCounter
    dma.o(i.MYDMA_Enable) refers to dma.o(.data) for DMA1_MEM_LEN
    gpio.o(i.MOTOR_Init) refers to stm32f10x_rcc.o(i.RCC_APB2PeriphClockCmd) for RCC_APB2PeriphClockCmd
    gpio.o(i.MOTOR_Init) refers to stm32f10x_gpio.o(i.GPIO_Init) for GPIO_Init
    gpio.o(i.MOTOR_Init) refers to stm32f10x_gpio.o(i.GPIO_ResetBits) for GPIO_ResetBits
    gpio.o(i.VALVE_Init) refers to stm32f10x_rcc.o(i.RCC_APB2PeriphClockCmd) for RCC_APB2PeriphClockCmd
    gpio.o(i.VALVE_Init) refers to stm32f10x_gpio.o(i.GPIO_Init) for GPIO_Init
    gpio.o(i.VALVE_Init) refers to stm32f10x_gpio.o(i.GPIO_SetBits) for GPIO_SetBits
    task.o(i.Error_ReStart_Measure) refers to _printf_percent.o(.ARM.Collect$$_printf_percent$$00000000) for _printf_percent
    task.o(i.Error_ReStart_Measure) refers to _printf_d.o(.ARM.Collect$$_printf_percent$$00000009) for _printf_d
    task.o(i.Error_ReStart_Measure) refers to _printf_dec.o(.text) for _printf_int_dec
    task.o(i.Error_ReStart_Measure) refers to stm32f10x_gpio.o(i.GPIO_ResetBits) for GPIO_ResetBits
    task.o(i.Error_ReStart_Measure) refers to __2printf.o(.text) for __2printf
    task.o(i.Error_ReStart_Measure) refers to delay.o(i.delay_ms) for delay_ms
    task.o(i.Error_ReStart_Measure) refers to task.o(i.shuzu_init) for shuzu_init
    task.o(i.Error_ReStart_Measure) refers to task.o(.data) for code
[...]
    _terminate_user_alloc                     - Undefined Weak Reference
    _terminateio                              - Undefined Weak Reference
    __Vectors_Size                           0x00000130   Number         0  startup_stm32f10x_hd.o ABSOLUTE
    __Vectors                                0x08000000   Data           4  startup_stm32f10x_hd.o(RESET)
    __Vectors_End                            0x08000130   Data           0  startup_stm32f10x_hd.o(RESET)
    __main                                   0x08000131   Thumb Code     8  __main.o(!!!main)
    __scatterload                            0x08000139   Thumb Code     0  __scatter.o(!!!scatter)
    __scatterload_rt2                        0x08000139   Thumb Code    44  __scatter.o(!!!scatter)
    __scatterload_rt2_thumb_only             0x08000139   Thumb Code     0  __scatter.o(!!!scatter)
    __scatterload_null                       0x08000147   Thumb Code     0  __scatter.o(!!!scatter)
    __decompress                             0x0800016d   Thumb Code    90  __dczerorl2.o(!!dczerorl2)
    __decompress1                            0x0800016d   Thumb Code     0  __dczerorl2.o(!!dczerorl2)
    __scatterload_zeroinit                   0x080001c9   Thumb Code    28  __scatter_zi.o(!!handler_zi)
    _printf_n                                0x080001e5   Thumb Code     0  _printf_n.o(.ARM.Collect$$_printf_percent$$00000001)
    _printf_percent                          0x080001e5   Thumb Code     0  _printf_percent.o(.ARM.Collect$$_printf_percent$$00000000)
    _printf_p                                0x080001eb   Thumb Code     0  _printf_p.o(.ARM.Collect$$_printf_percent$$00000002)
    _printf_f                                0x080001f1   Thumb Code     0  _printf_f.o(.ARM.Collect$$_printf_percent$$00000003)
    _printf_e                                0x080001f7   Thumb Code     0  _printf_e.o(.ARM.Collect$$_printf_percent$$00000004)
    _printf_g                                0x080001fd   Thumb Code     0  _printf_g.o(.ARM.Collect$$_printf_percent$$00000005)
    _printf_a                                0x08000203   Thumb Code     0  _printf_a.o(.ARM.Collect$$_printf_percent$$00000006)
    _printf_ll                               0x08000209   Thumb Code     0  _printf_ll.o(.ARM.Collect$$_printf_percent$$00000007)
    _printf_i                                0x08000213   Thumb Code     0  _printf_i.o(.ARM.Collect$$_printf_percent$$00000008)
    _printf_d                                0x08000219   Thumb Code     0  _printf_d.o(.ARM.Collect$$_printf_percent$$00000009)
    _printf_u                                0x0800021f   Thumb Code     0  _printf_u.o(.ARM.Collect$$_printf_percent$$0000000A)
    _printf_o                                0x08000225   Thumb Code     0  _printf_o.o(.ARM.Collect$$_printf_percent$$0000000B)
    _printf_x                                0x0800022b   Thumb Code     0  _printf_x.o(.ARM.Collect$$_printf_percent$$0000000C)
    _printf_lli                              0x08000231   Thumb Code     0  _printf_lli.o(.ARM.Collect$$_printf_percent$$0000000D)
    _printf_lld                              0x08000237   Thumb Code     0  _printf_lld.o(.ARM.Collect$$_printf_percent$$0000000E)
    _printf_llu                              0x0800023d   Thumb Code     0  _printf_llu.o(.ARM.Collect$$_printf_percent$$0000000F)
    _printf_llo                              0x08000243   Thumb Code     0  _printf_llo.o(.ARM.Collect$$_printf_percent$$00000010)
    _printf_llx                              0x08000249   Thumb Code     0  _printf_llx.o(.ARM.Collect$$_printf_percent$$00000011)
    _printf_l                                0x0800024f   Thumb Code     0  _printf_l.o(.ARM.Collect$$_printf_percent$$00000012)
    _printf_c                                0x08000259   Thumb Code     0  _printf_c.o(.ARM.Collect$$_printf_percent$$00000013)
    _printf_s                                0x0800025f   Thumb Code     0  _printf_s.o(.ARM.Collect$$_printf_percent$$00000014)
    _printf_lc                               0x08000265   Thumb Code     0  _printf_lc.o(.ARM.Collect$$_printf_percent$$00000015)
    _printf_ls                               0x0800026b   Thumb Code     0  _printf_ls.o(.ARM.Collect$$_printf_percent$$00000016)
    _printf_percent_end                      0x08000271   Thumb Code     0  _printf_percent_end.o(.ARM.Collect$$_printf_percent$$00000017)
    __rt_lib_init                            0x08000275   Thumb Code     0  libinit.o(.ARM.Collect$$libinit$$00000000)
    __rt_lib_init_fp_1                       0x08000277   Thumb Code     0  libinit2.o(.ARM.Collect$$libinit$$00000002)
    __rt_lib_init_heap_1                     0x08000277   Thumb Code     0  libinit2.o(.ARM.Collect$$libinit$$0000000A)
    __rt_lib_init_lc_common                  0x08000277   Thumb Code     0  libinit2.o(.ARM.Collect$$libinit$$0000000F)
    __rt_lib_init_preinit_1                  0x08000277   Thumb Code     0  libinit2.o(.ARM.Collect$$libinit$$00000004)
    __rt_lib_init_rand_1                     0x08000277   Thumb Code     0  libinit2.o(.ARM.Collect$$libinit$$0000000E)
    __rt_lib_init_user_alloc_1               0x08000277   Thumb Code     0  libinit2.o(.ARM.Collect$$libinit$$0000000C)
    __rt_lib_init_lc_collate_1               0x0800027d   Thumb Code     0  libinit2.o(.ARM.Collect$$libinit$$00000011)
    __rt_lib_init_lc_ctype_2                 0x0800027d   Thumb Code     0  libinit2.o(.ARM.Collect$$libinit$$00000012)
    __rt_lib_init_lc_ctype_1                 0x08000289   Thumb Code     0  libinit2.o(.ARM.Collect$$libinit$$00000013)
    __rt_lib_init_lc_monetary_1              0x08000289   Thumb Code     0  libinit2.o(.ARM.Collect$$libinit$$00000015)
    __rt_lib_init_lc_numeric_2               0x08000289   Thumb Code     0  libinit2.o(.ARM.Collect$$libinit$$00000016)
    __rt_lib_init_alloca_1                   0x08000293   Thumb Code     0  libinit2.o(.ARM.Collect$$libinit$$0000002E)
    __rt_lib_init_argv_1                     0x08000293   Thumb Code     0  libinit2.o(.ARM.Collect$$libinit$$0000002C)
    __rt_lib_init_atexit_1                   0x08000293   Thumb Code     0  libinit2.o(.ARM.Collect$$libinit$$0000001B)
    __rt_lib_init_clock_1                    0x08000293   Thumb Code     0  libinit2.o(.ARM.Collect$$libinit$$00000021)
    __rt_lib_init_cpp_1                      0x08000293   Thumb Code     0  libinit2.o(.ARM.Collect$$libinit$$00000032)
    __rt_lib_init_exceptions_1               0x08000293   Thumb Code     0  libinit2.o(.ARM.Collect$$libinit$$00000030)
    __rt_lib_init_fp_trap_1                  0x08000293   Thumb Code     0  libinit2.o(.ARM.Collect$$libinit$$0000001F)
    __rt_lib_init_getenv_1                   0x08000293   Thumb Code     0  libinit2.o(.ARM.Collect$$libinit$$00000023)
    __rt_lib_init_lc_numeric_1               0x08000293   Thumb Code     0  libinit2.o(.ARM.Collect$$libinit$$00000017)
    __rt_lib_init_lc_time_1                  0x08000293   Thumb Code     0  libinit2.o(.ARM.Collect$$libinit$$00000019)
    __rt_lib_init_return                     0x08000293   Thumb Code     0  libinit2.o(.ARM.Collect$$libinit$$00000033)
    __rt_lib_init_signal_1                   0x08000293   Thumb Code     0  libinit2.o(.ARM.Collect$$libinit$$0000001D)
    __rt_lib_init_stdio_1                    0x08000293   Thumb Code     0  libinit2.o(.ARM.Collect$$libinit$$00000025)
    __rt_lib_shutdown                        0x08000295   Thumb Code     0  libshutdown.o(.ARM.Collect$$libshutdown$$00000000)
    __rt_lib_shutdown_fp_trap_1              0x08000297   Thumb Code     0  libshutdown2.o(.ARM.Collect$$libshutdown$$00000006)
    __rt_lib_shutdown_heap_1                 0x08000297   Thumb Code     0  libshutdown2.o(.ARM.Collect$$libshutdown$$0000000E)
    __rt_lib_shutdown_return                 0x08000297   Thumb Code     0  libshutdown2.o(.ARM.Collect$$libshutdown$$0000000F)
    __rt_lib_shutdown_signal_1               0x08000297   Thumb Code     0  libshutdown2.o(.ARM.Collect$$libshutdown$$00000009)
    __rt_lib_shutdown_stdio_1                0x08000297   Thumb Code     0  libshutdown2.o(.ARM.Collect$$libshutdown$$00000003)
    __rt_lib_shutdown_user_alloc_1           0x08000297   Thumb Code     0  libshutdown2.o(.ARM.Collect$$libshutdown$$0000000B)
    __rt_entry                               0x08000299   Thumb Code     0  __rtentry.o(.ARM.Collect$$rtentry$$00000000)
    __rt_entry_presh_1                       0x08000299   Thumb Code     0  __rtentry2.o(.ARM.Collect$$rtentry$$00000002)
    __rt_entry_sh                            0x08000299   Thumb Code     0  __rtentry4.o(.ARM.Collect$$rtentry$$00000004)
    __rt_entry_li                            0x0800029f   Thumb Code     0  __rtentry2.o(.ARM.Collect$$rtentry$$0000000A)
    __rt_entry_postsh_1                      0x0800029f   Thumb Code     0  __rtentry2.o(.ARM.Collect$$rtentry$$00000009)
    __rt_entry_main                          0x080002a3   Thumb Code     0  __rtentry2.o(.ARM.Collect$$rtentry$$0000000D)
    __rt_entry_postli_1                      0x080002a3   Thumb Code     0  __rtentry2.o(.ARM.Collect$$rtentry$$0000000C)
    __rt_exit                                0x080002ab   Thumb Code     0  rtexit.o(.ARM.Collect$$rtexit$$00000000)
    __rt_exit_ls                             0x080002ad   Thumb Code     0  rtexit2.o(.ARM.Collect$$rtexit$$00000003)
    __rt_exit_prels_1                        0x080002ad   Thumb Code     0  rtexit2.o(.ARM.Collect$$rtexit$$00000002)
    __rt_exit_exit                           0x080002b1   Thumb Code     0  rtexit2.o(.ARM.Collect$$rtexit$$00000004)
    Reset_Handler                            0x080002b9   Thumb Code     8  startup_stm32f10x_hd.o(.text)
    ADC1_2_IRQHandler                        0x080002d3   Thumb Code     0  startup_stm32f10x_hd.o(.text)
    ADC3_IRQHandler                          0x080002d3   Thumb Code     0  startup_stm32f10x_hd.o(.text)
    CAN1_RX1_IRQHandler                      0x080002d3   Thumb Code     0  startup_stm32f10x_hd.o(.text)
    CAN1_SCE_IRQHandler                      0x080002d3   Thumb Code     0  startup_stm32f10x_hd.o(.text)
    DMA1_Channel1_IRQHandler                 0x080002d3   Thumb Code     0  startup_stm32f10x_hd.o(.text)
    DMA1_Channel2_IRQHandler                 0x080002d3   Thumb Code     0  startup_stm32f10x_hd.o(.text)
    DMA1_Channel3_IRQHandler                 0x080002d3   Thumb Code     0  startup_stm32f10x_hd.o(.text)
    DMA1_Channel4_IRQHandler                 0x080002d3   Thumb Code     0  startup_stm32f10x_hd.o(.text)
    DMA1_Channel5_IRQHandler                 0x080002d3   Thumb Code     0  startup_stm32f10x_hd.o(.text)
    DMA1_Channel6_IRQHandler                 0x080002d3   Thumb Code     0  startup_stm32f10x_hd.o(.text)
    DMA1_Channel7_IRQHandler                 0x080002d3   Thumb Code     0  startup_stm32f10x_hd.o(.text)
    DMA2_Channel1_IRQHandler                 0x080002d3   Thumb Code     0  startup_stm32f10x_hd.o(.text)
    DMA2_Channel2_IRQHandler                 0x080002d3   Thumb Code     0  startup_stm32f10x_hd.o(.text)
    DMA2_Channel3_IRQHandler                 0x080002d3   Thumb Code     0  startup_stm32f10x_hd.o(.text)
    DMA2_Channel4_5_IRQHandler               0x080002d3   Thumb Code     0  startup_stm32f10x_hd.o(.text)
    EXTI0_IRQHandler                         0x080002d3   Thumb Code     0  startup_stm32f10x_hd.o(.text)
    EXTI15_10_IRQHandler                     0x080002d3   Thumb Code     0  startup_stm32f10x_hd.o(.text)
    EXTI1_IRQHandler                         0x080002d3   Thumb Code     0  startup_stm32f10x_hd.o(.text)
    EXTI2_IRQHandler                         0x080002d3   Thumb Code     0  startup_stm32f10x_hd.o(.text)
    EXTI3_IRQHandler                         0x080002d3   Thumb Code     0  startup_stm32f10x_hd.o(.text)
    EXTI4_IRQHandler                         0x080002d3   Thumb Code     0  startup_stm32f10x_hd.o(.text)
    EXTI9_5_IRQHandler                       0x080002d3   Thumb Code     0  startup_stm32f10x_hd.o(.text)
    FLASH_IRQHandler                         0x080002d3   Thumb Code     0  startup_stm32f10x_hd.o(.text)
    FSMC_IRQHandler                          0x080002d3   Thumb Code     0  startup_stm32f10x_hd.o(.text)
    I2C1_ER_IRQHandler                       0x080002d3   Thumb Code     0  startup_stm32f10x_hd.o(.text)
    I2C1_EV_IRQHandler                       0x080002d3   Thumb Code     0  startup_stm32f10x_hd.o(.text)
    I2C2_ER_IRQHandler                       0x080002d3   Thumb Code     0  startup_stm32f10x_hd.o(.text)
    I2C2_EV_IRQHandler                       0x080002d3   Thumb Code     0  startup_stm32f10x_hd.o(.text)
    PVD_IRQHandler                           0x080002d3   Thumb Code     0  startup_stm32f10x_hd.o(.text)
    RCC_IRQHandler                           0x080002d3   Thumb Code     0  startup_stm32f10x_hd.o(.text)
    RTCAlarm_IRQHandler                      0x080002d3   Thumb Code     0  startup_stm32f10x_hd.o(.text)
    SDIO_IRQHandler                          0x080002d3   Thumb Code     0  startup_stm32f10x_hd.o(.text)
    SPI1_IRQHandler                          0x080002d3   Thumb Code     0  startup_stm32f10x_hd.o(.text)
    SPI2_IRQHandler                          0x080002d3   Thumb Code     0  startup_stm32f10x_hd.o(.text)
    SPI3_IRQHandler                          0x080002d3   Thumb Code     0  startup_stm32f10x_hd.o(.text)
    TAMPER_IRQHandler                        0x080002d3   Thumb Code     0  startup_stm32f10x_hd.o(.text)
    TIM1_BRK_IRQHandler                      0x080002d3   Thumb Code     0  startup_stm32f10x_hd.o(.text)
    TIM1_CC_IRQHandler                       0x080002d3   Thumb Code     0  startup_stm32f10x_hd.o(.text)
    TIM1_TRG_COM_IRQHandler                  0x080002d3   Thumb Code     0  startup_stm32f10x_hd.o(.text)
    TIM1_UP_IRQHandler                       0x080002d3   Thumb Code     0  startup_stm32f10x_hd.o(.text)
    TIM2_IRQHandler                          0x080002d3   Thumb Code     0  startup_stm32f10x_hd.o(.text)
    TIM5_IRQHandler                          0x080002d3   Thumb Code     0  startup_stm32f10x_hd.o(.text)
    TIM6_IRQHandler                          0x080002d3   Thumb Code     0  startup_stm32f10x_hd.o(.text)
    TIM7_IRQHandler                          0x080002d3   Thumb Code     0  startup_stm32f10x_hd.o(.text)
    TIM8_BRK_IRQHandler                      0x080002d3   Thumb Code     0  startup_stm32f10x_hd.o(.text)
    TIM8_CC_IRQHandler                       0x080002d3   Thumb Code     0  startup_stm32f10x_hd.o(.text)
    TIM8_TRG_COM_IRQHandler                  0x080002d3   Thumb Code     0  startup_stm32f10x_hd.o(.text)
    TIM8_UP_IRQHandler                       0x080002d3   Thumb Code     0  startup_stm32f10x_hd.o(.text)
    UART4_IRQHandler                         0x080002d3   Thumb Code     0  startup_stm32f10x_hd.o(.text)
    UART5_IRQHandler                         0x080002d3   Thumb Code     0  startup_stm32f10x_hd.o(.text)
    USART3_IRQHandler                        0x080002d3   Thumb Code     0  startup_stm32f10x_hd.o(.text)
    USBWakeUp_IRQHandler                     0x080002d3   Thumb Code     0  startup_stm32f10x_hd.o(.text)
    USB_HP_CAN1_TX_IRQHandler                0x080002d3   Thumb Code     0  startup_stm32f10x_hd.o(.text)
    USB_LP_CAN1_RX0_IRQHandler               0x080002d3   Thumb Code     0  startup_stm32f10x_hd.o(.text)
    WWDG_IRQHandler                          0x080002d3   Thumb Code     0  startup_stm32f10x_hd.o(.text)
    __user_initial_stackheap                 0x080002d5   Thumb Code     0  startup_stm32f10x_hd.o(.text)
    __use_no_semihosting                     0x080002f9   Thumb Code     2  use_no_semi_2.o(.text)
    __c89vsprintf                            0x080002fd   Thumb Code    32  c89vsprintf.o(.text)
    __2printf                                0x08000321   Thumb Code    20  __2printf.o(.text)
    __2sprintf                               0x08000339   Thumb Code    38  __2sprintf.o(.text)
    _printf_pre_padding                      0x08000365   Thumb Code    44  _printf_pad.o(.text)
    _printf_post_padding                     0x08000391   Thumb Code    34  _printf_pad.o(.text)
    _printf_str                              0x080003b3   Thumb Code    82  _printf_str.o(.text)
    _printf_int_dec                          0x08000405   Thumb Code   104  _printf_dec.o(.text)
    __printf                                 0x0800047d   Thumb Code   388  __printf_flags_ss_wp.o(.text)
    strstr                                   0x08000605   Thumb Code    36  strstr.o(.text)
    memcmp                                   0x08000629   Thumb Code    88  memcmp.o(.text)
    strlen                                   0x08000681   Thumb Code    62  strlen.o(.text)
    strcat                                   0x080006bf   Thumb Code    24  strcat.o(.text)
    __aeabi_memclr                           0x080006d7   Thumb Code     0  rt_memclr.o(.text)
    __rt_memclr                              0x080006d7   Thumb Code    68  rt_memclr.o(.text)
    _memset                                  0x080006db   Thumb Code     0  rt_memclr.o(.text)
    __aeabi_memclr4                          0x0800071b   Thumb Code     0  rt_memclr_w.o(.text)
    __aeabi_memclr8                          0x0800071b   Thumb Code     0  rt_memclr_w.o(.text)
    __rt_memclr_w                            0x0800071b   Thumb Code    78  rt_memclr_w.o(.text)
    _memset_w                                0x0800071f   Thumb Code     0  rt_memclr_w.o(.text)
    __use_two_region_memory                  0x08000769   Thumb Code     2  heapauxi.o(.text)
    __rt_heap_escrow$2region                 0x0800076b   Thumb Code     2  heapauxi.o(.text)
    __rt_heap_expand$2region                 0x0800076d   Thumb Code     2  heapauxi.o(.text)
    __I$use$semihosting                      0x0800076f   Thumb Code     0  use_no_semi.o(.text)
    __use_no_semihosting_swi                 0x0800076f   Thumb Code     2  use_no_semi.o(.text)
    _printf_truncate_signed                  0x08000771   Thumb Code    18  _printf_truncate.o(.text)
    _printf_truncate_unsigned                0x08000783   Thumb Code    18  _printf_truncate.o(.text)
    _printf_int_common                       0x08000795   Thumb Code   178  _printf_intcommon.o(.text)
    _printf_charcount                        0x08000847   Thumb Code    40  _printf_charcount.o(.text)
    __lib_sel_fp_printf                      0x0800086f   Thumb Code     2  _printf_fp_dec.o(.text)
    _printf_fp_dec_real                      0x08000a1d   Thumb Code   620  _printf_fp_dec.o(.text)
    _printf_char_common                      0x08000c93   Thumb Code    32  _printf_char_common.o(.text)
    _sputc                                   0x08000cb9   Thumb Code    10  _sputc.o(.text)
    _printf_cs_common                        0x08000cc3   Thumb Code    20  _printf_char.o(.text)
    _printf_char                             0x08000cd7   Thumb Code    16  _printf_char.o(.text)
    _printf_string                           0x08000ce7   Thumb Code     8  _printf_char.o(.text)
    _printf_char_file                        0x08000cf1   Thumb Code    32  _printf_char_file.o(.text)
    _printf_wctomb                           0x08000d15   Thumb Code   182  _printf_wctomb.o(.text)
    _printf_longlong_dec                     0x08000dd1   Thumb Code   108  _printf_longlong_dec.o(.text)
    _printf_longlong_oct                     0x08000e4d   Thumb Code    68  _printf_oct_int_ll.o(.text)
    _printf_int_oct                          0x08000e91   Thumb Code    24  _printf_oct_int_ll.o(.text)
    _printf_ll_oct                           0x08000ea9   Thumb Code    12  _printf_oct_int_ll.o(.text)
    _printf_longlong_hex                     0x08000ebd   Thumb Code    86  _printf_hex_int_ll_ptr.o(.text)
    _printf_int_hex                          0x08000f13   Thumb Code    28  _printf_hex_int_ll_ptr.o(.text)
    _printf_ll_hex                           0x08000f2f   Thumb Code    12  _printf_hex_int_ll_ptr.o(.text)
    _printf_hex_ptr                          0x08000f3b   Thumb Code    18  _printf_hex_int_ll_ptr.o(.text)
    __rt_locale                              0x08000f51   Thumb Code     8  rt_locale_intlibspace.o(.text)
    _ll_udiv10                               0x08000f59   Thumb Code   138  lludiv10.o(.text)
    _printf_fp_infnan                        0x08000fe5   Thumb Code   112  _printf_fp_infnan.o(.text)
    _printf_lcs_common                       0x08001065   Thumb Code    20  _printf_wchar.o(.text)
    _printf_wchar                            0x08001079   Thumb Code    16  _printf_wchar.o(.text)
    _printf_wstring                          0x08001089   Thumb Code     8  _printf_wchar.o(.text)
    _btod_etento                             0x08001091   Thumb Code   216  bigflt0.o(.text)
    ferror                                   0x0800116d   Thumb Code     8  ferror.o(.text)
    _wcrtomb                                 0x08001175   Thumb Code    64  _wcrtomb.o(.text)
    __user_libspace                          0x080011b5   Thumb Code     8  libspace.o(.text)
    __user_perproc_libspace                  0x080011b5   Thumb Code     0  libspace.o(.text)
    __user_perthread_libspace                0x080011b5   Thumb Code     0  libspace.o(.text)
    __user_setup_stackheap                   0x080011bd   Thumb Code    74  sys_stackheap_outer.o(.text)
    __rt_ctype_table                         0x08001209   Thumb Code    16  rt_ctype_table.o(.text)
    exit                                     0x08001219   Thumb Code    12  exit.o(.text)
    strcmp                                   0x08001225   Thumb Code   128  strcmpv7m.o(.text)
    _btod_d2e                                0x080012a5   Thumb Code    62  btod.o(CL$$btod_d2e)
    _d2e_denorm_low                          0x080012e3   Thumb Code    70  btod.o(CL$$btod_d2e_denorm_low)
    _d2e_norm_op1                            0x08001329   Thumb Code    96  btod.o(CL$$btod_d2e_norm_op1)
    __btod_div_common                        0x08001389   Thumb Code   696  btod.o(CL$$btod_div_common)
    _e2e                                     0x080016c1   Thumb Code   198  btod.o(CL$$btod_e2e)
    _btod_ediv                               0x08001787   Thumb Code    40  btod.o(CL$$btod_ediv)
    _btod_emul                               0x080017af   Thumb Code    40  btod.o(CL$$btod_emul)
    __btod_mult_common                       0x080017d7   Thumb Code   580  btod.o(CL$$btod_mult_common)
    ADC_Cmd                                  0x08001a1b   Thumb Code    22  stm32f10x_adc.o(i.ADC_Cmd)
    ADC_DeInit                               0x08001a31   Thumb Code    78  stm32f10x_adc.o(i.ADC_DeInit)
    ADC_GetCalibrationStatus                 0x08001a8d   Thumb Code    20  stm32f10x_adc.o(i.ADC_GetCalibrationStatus)
    ADC_GetConversionValue                   0x08001aa1   Thumb Code     8  stm32f10x_adc.o(i.ADC_GetConversionValue)
    ADC_GetFlagStatus                        0x08001aa9   Thumb Code    18  stm32f10x_adc.o(i.ADC_GetFlagStatus)
    ADC_GetResetCalibrationStatus            0x08001abb   Thumb Code    20  stm32f10x_adc.o(i.ADC_GetResetCalibrationStatus)
    ADC_Init                                 0x08001ad1   Thumb Code    70  stm32f10x_adc.o(i.ADC_Init)
    ADC_RegularChannelConfig                 0x08001b21   Thumb Code   184  stm32f10x_adc.o(i.ADC_RegularChannelConfig)
    ADC_ResetCalibration                     0x08001bd9   Thumb Code    10  stm32f10x_adc.o(i.ADC_ResetCalibration)
    ADC_SoftwareStartConvCmd                 0x08001be3   Thumb Code    22  stm32f10x_adc.o(i.ADC_SoftwareStartConvCmd)
    ADC_StartCalibration                     0x08001bf9   Thumb Code    10  stm32f10x_adc.o(i.ADC_StartCalibration)
    Adc_Init                                 0x08001c05   Thumb Code   152  adc.o(i.Adc_Init)
    BKP_DeInit                               0x08001ca5   Thumb Code    16  stm32f10x_bkp.o(i.BKP_DeInit)
    BusFault_Handler                         0x08001cb5   Thumb Code     4  stm32f10x_it.o(i.BusFault_Handler)
    DebugMon_Handler                         0x08001cb9   Thumb Code     2  stm32f10x_it.o(i.DebugMon_Handler)
    EE_Init                                  0x08001d51   Thumb Code    16  eeprom.o(i.EE_Init)
    EE_ReadVariable                          0x08001e55   Thumb Code    88  eeprom.o(i.EE_ReadVariable)
    EE_WriteVariable                         0x08001f3d   Thumb Code    36  eeprom.o(i.EE_WriteVariable)
    Error_ReStart_Measure                    0x08001f61   Thumb Code    74  task.o(i.Error_ReStart_Measure)
    FLASH_ErasePage                          0x08001fe1   Thumb Code    72  stm32f10x_flash.o(i.FLASH_ErasePage)
    FLASH_GetBank1Status                     0x0800202d   Thumb Code    48  stm32f10x_flash.o(i.FLASH_GetBank1Status)
    FLASH_Lock                               0x08002061   Thumb Code    14  stm32f10x_flash.o(i.FLASH_Lock)
    FLASH_ProgramHalfWord                    0x08002075   Thumb Code    60  stm32f10x_flash.o(i.FLASH_ProgramHalfWord)
    FLASH_Unlock                             0x080020b5   Thumb Code    12  stm32f10x_flash.o(i.FLASH_Unlock)
    FLASH_WaitForLastOperation               0x080020cd   Thumb Code    38  stm32f10x_flash.o(i.FLASH_WaitForLastOperation)
    GPIO_Init                                0x080020f3   Thumb Code   278  stm32f10x_gpio.o(i.GPIO_Init)
    GPIO_ResetBits                           0x08002209   Thumb Code     4  stm32f10x_gpio.o(i.GPIO_ResetBits)
    GPIO_SetBits                             0x0800220d   Thumb Code     4  stm32f10x_gpio.o(i.GPIO_SetBits)
    Get_Adc                                  0x08002211   Thumb Code    46  adc.o(i.Get_Adc)
    Get_Adc_Average                          0x08002245   Thumb Code    46  adc.o(i.Get_Adc_Average)
    Getmax_maibo                             0x08002275   Thumb Code    44  task.o(i.Getmax_maibo)
    Getpeak_maibo                            0x080022a9   Thumb Code   184  task.o(i.Getpeak_maibo)
    HC05_CFG_CMDshow                         0x0800237d   Thumb Code    32  hc05.o(i.HC05_CFG_CMDshow)
    HC05_Init                                0x080023a9   Thumb Code   232  hc05.o(i.HC05_Init)
    HardFault_Handler                        0x080024b5   Thumb Code     4  stm32f10x_it.o(i.HardFault_Handler)
    InitCurrWrAddress                        0x080024b9   Thumb Code    92  eeprom.o(i.InitCurrWrAddress)
    Is_Leap_Year                             0x0800251d   Thumb Code    58  rtc.o(i.Is_Leap_Year)
    MOTOR_Init                               0x08002559   Thumb Code    46  gpio.o(i.MOTOR_Init)
    MY_NVIC_Init                             0x0800258d   Thumb Code   116  sys.o(i.MY_NVIC_Init)
    MY_NVIC_PriorityGroupConfig              0x08002605   Thumb Code    32  sys.o(i.MY_NVIC_PriorityGroupConfig)
    MemManage_Handler                        0x0800262d   Thumb Code     4  stm32f10x_it.o(i.MemManage_Handler)
    NMI_Handler                              0x08002631   Thumb Code     2  stm32f10x_it.o(i.NMI_Handler)
    NVIC_Configuration                       0x08002633   Thumb Code    12  sys.o(i.NVIC_Configuration)
    NVIC_Init                                0x08002641   Thumb Code   100  misc.o(i.NVIC_Init)
    NVIC_PriorityGroupConfig                 0x080026b1   Thumb Code    10  misc.o(i.NVIC_PriorityGroupConfig)
    PWR_BackupAccessCmd                      0x080026c5   Thumb Code     6  stm32f10x_pwr.o(i.PWR_BackupAccessCmd)
    PWR_EnterSTANDBYMode                     0x080026d1   Thumb Code    42  stm32f10x_pwr.o(i.PWR_EnterSTANDBYMode)
    PWR_WakeUpPinCmd                         0x08002705   Thumb Code     6  stm32f10x_pwr.o(i.PWR_WakeUpPinCmd)
    PendSV_Handler                           0x08002711   Thumb Code     2  stm32f10x_it.o(i.PendSV_Handler)
    RCC_ADCCLKConfig                         0x08002715   Thumb Code    18  stm32f10x_rcc.o(i.RCC_ADCCLKConfig)
    RCC_APB1PeriphClockCmd                   0x0800272d   Thumb Code    26  stm32f10x_rcc.o(i.RCC_APB1PeriphClockCmd)
    RCC_APB1PeriphResetCmd                   0x0800274d   Thumb Code    26  stm32f10x_rcc.o(i.RCC_APB1PeriphResetCmd)
    RCC_APB2PeriphClockCmd                   0x0800276d   Thumb Code    26  stm32f10x_rcc.o(i.RCC_APB2PeriphClockCmd)
    RCC_APB2PeriphResetCmd                   0x0800278d   Thumb Code    26  stm32f10x_rcc.o(i.RCC_APB2PeriphResetCmd)
    RCC_BackupResetCmd                       0x080027ad   Thumb Code     6  stm32f10x_rcc.o(i.RCC_BackupResetCmd)
    RCC_GetClocksFreq                        0x080027b9   Thumb Code   192  stm32f10x_rcc.o(i.RCC_GetClocksFreq)
    RCC_GetFlagStatus                        0x0800288d   Thumb Code    56  stm32f10x_rcc.o(i.RCC_GetFlagStatus)
    RCC_LSEConfig                            0x080028c9   Thumb Code    46  stm32f10x_rcc.o(i.RCC_LSEConfig)
    RCC_RTCCLKCmd                            0x080028fd   Thumb Code     6  stm32f10x_rcc.o(i.RCC_RTCCLKCmd)
    RCC_RTCCLKConfig                         0x08002909   Thumb Code    12  stm32f10x_rcc.o(i.RCC_RTCCLKConfig)
    RTC_ClearITPendingBit                    0x08002919   Thumb Code    12  stm32f10x_rtc.o(i.RTC_ClearITPendingBit)
    RTC_EnterConfigMode                      0x08002929   Thumb Code    14  stm32f10x_rtc.o(i.RTC_EnterConfigMode)
    RTC_ExitConfigMode                       0x0800293d   Thumb Code    16  stm32f10x_rtc.o(i.RTC_ExitConfigMode)
    RTC_Get                                  0x08002951   Thumb Code   240  rtc.o(i.RTC_Get)
    RTC_GetCounter                           0x08002a51   Thumb Code    16  stm32f10x_rtc.o(i.RTC_GetCounter)
    RTC_GetITStatus                          0x08002a65   Thumb Code    32  stm32f10x_rtc.o(i.RTC_GetITStatus)
    RTC_Get_Week                             0x08002a89   Thumb Code   116  rtc.o(i.RTC_Get_Week)
    RTC_IRQHandler                           0x08002b01   Thumb Code    90  rtc.o(i.RTC_IRQHandler)
    RTC_ITConfig                             0x08002b81   Thumb Code    26  stm32f10x_rtc.o(i.RTC_ITConfig)
    RTC_Init                                 0x08002ba1   Thumb Code   138  rtc.o(i.RTC_Init)
    RTC_Set                                  0x08002c4d   Thumb Code   188  rtc.o(i.RTC_Set)
    RTC_SetAlarm                             0x08002d19   Thumb Code    24  stm32f10x_rtc.o(i.RTC_SetAlarm)
    RTC_SetCounter                           0x08002d35   Thumb Code    24  stm32f10x_rtc.o(i.RTC_SetCounter)
    RTC_SetPrescaler                         0x08002d51   Thumb Code    26  stm32f10x_rtc.o(i.RTC_SetPrescaler)
    RTC_WaitForLastTask                      0x08002d71   Thumb Code    16  stm32f10x_rtc.o(i.RTC_WaitForLastTask)
    RTC_WaitForSynchro                       0x08002d85   Thumb Code    30  stm32f10x_rtc.o(i.RTC_WaitForSynchro)
    STMFLASH_Read                            0x08002da9   Thumb Code    34  flash.o(i.STMFLASH_Read)
    STMFLASH_ReadHalfWord                    0x08002dcb   Thumb Code     6  flash.o(i.STMFLASH_ReadHalfWord)
    STMFLASH_Write                           0x08002dd1   Thumb Code   222  flash.o(i.STMFLASH_Write)
    STMFLASH_Write_NoCheck                   0x08002eb9   Thumb Code    38  flash.o(i.STMFLASH_Write_NoCheck)
    SVC_Handler                              0x08002edf   Thumb Code     2  stm32f10x_it.o(i.SVC_Handler)
    SysTick_CLKSourceConfig                  0x08002fc9   Thumb Code    40  misc.o(i.SysTick_CLKSourceConfig)
    SysTick_Handler                          0x08002ff1   Thumb Code     2  stm32f10x_it.o(i.SysTick_Handler)
    Sys_Enter_Standby                        0x08002ff3   Thumb Code    18  wkup.o(i.Sys_Enter_Standby)
    Sys_Standby                              0x08003005   Thumb Code    22  wkup.o(i.Sys_Standby)
    SystemInit                               0x0800301d   Thumb Code    78  system_stm32f10x.o(i.SystemInit)
    TIM3_IRQHandler                          0x0800307d   Thumb Code    22  timer.o(i.TIM3_IRQHandler)
    TIM3_Int_Init                            0x08003099   Thumb Code    90  timer.o(i.TIM3_Int_Init)
    TIM4_IRQHandler                          0x080030f9   Thumb Code    44  usart2.o(i.TIM4_IRQHandler)
    TIM4_Init                                0x0800312d   Thumb Code    72  usart2.o(i.TIM4_Init)
    TIM4_Set                                 0x0800317d   Thumb Code    44  usart2.o(i.TIM4_Set)
    TIM_ClearITPendingBit                    0x080031ad   Thumb Code     6  stm32f10x_tim.o(i.TIM_ClearITPendingBit)
    TIM_Cmd                                  0x080031b3   Thumb Code    24  stm32f10x_tim.o(i.TIM_Cmd)
    TIM_GetCounter                           0x080031cb   Thumb Code     6  stm32f10x_tim.o(i.TIM_GetCounter)
    TIM_GetITStatus                          0x080031d1   Thumb Code    34  stm32f10x_tim.o(i.TIM_GetITStatus)
    TIM_ITConfig                             0x080031f3   Thumb Code    18  stm32f10x_tim.o(i.TIM_ITConfig)
    TIM_TimeBaseInit                         0x08003205   Thumb Code   122  stm32f10x_tim.o(i.TIM_TimeBaseInit)
    UART_DMA_Config                          0x080032a9   Thumb Code    80  usart2.o(i.UART_DMA_Config)
    UART_DMA_Enable                          0x080032fd   Thumb Code    20  usart2.o(i.UART_DMA_Enable)
    USART1_IRQHandler                        0x08003311   Thumb Code   122  usart.o(i.USART1_IRQHandler)
    USART2_IRQHandler                        0x08003399   Thumb Code   478  usart2.o(i.USART2_IRQHandler)
    USART2_Init                              0x0800361d   Thumb Code   180  usart2.o(i.USART2_Init)
    USART_Cmd                                0x080036ed   Thumb Code    24  stm32f10x_usart.o(i.USART_Cmd)
    USART_DeInit                             0x08003705   Thumb Code   134  stm32f10x_usart.o(i.USART_DeInit)
    USART_GetITStatus                        0x080037a1   Thumb Code    84  stm32f10x_usart.o(i.USART_GetITStatus)
    USART_ITConfig                           0x080037f5   Thumb Code    74  stm32f10x_usart.o(i.USART_ITConfig)
    USART_Init                               0x08003841   Thumb Code   210  stm32f10x_usart.o(i.USART_Init)
    USART_ReceiveData                        0x08003919   Thumb Code    10  stm32f10x_usart.o(i.USART_ReceiveData)
    UsageFault_Handler                       0x08003923   Thumb Code     4  stm32f10x_it.o(i.UsageFault_Handler)
    VALVE_Init                               0x08003929   Thumb Code    46  gpio.o(i.VALVE_Init)
    __ARM_fpclassify                         0x0800395d   Thumb Code    40  fpclassify.o(i.__ARM_fpclassify)
    __EE_Init                                0x08003985   Thumb Code   488  eeprom.o(i.__EE_Init)
    _is_digit                                0x08003b7d   Thumb Code    14  __printf_wp.o(i._is_digit)
    _sys_exit                                0x08003b8b   Thumb Code     6  usart.o(i._sys_exit)
    attach_time_stamp                        0x08003b91   Thumb Code   554  task.o(i.attach_time_stamp)
    calculate_HR_PD_PS                       0x08003df5   Thumb Code  1612  task.o(i.calculate_HR_PD_PS)
    calculate_avarage_basevalue              0x080044a5   Thumb Code    52  task.o(i.calculate_avarage_basevalue)
    calculate_percent                        0x080044e5   Thumb Code    50  task.o(i.calculate_percent)
    data_FIFO                                0x08004525   Thumb Code   240  task.o(i.data_FIFO)
    data_measure                             0x08004645   Thumb Code   278  task.o(i.data_measure)
    delay_init                               0x080047a9   Thumb Code    50  delay.o(i.delay_init)
    delay_ms                                 0x080047ed   Thumb Code    72  delay.o(i.delay_ms)
    delay_us                                 0x08004839   Thumb Code    72  delay.o(i.delay_us)
    execution_instruction                    0x08004885   Thumb Code   514  task.o(i.execution_instruction)
    fputc                                    0x08004b15   Thumb Code    24  usart.o(i.fputc)
    get_HR                                   0x08004b31   Thumb Code    80  task.o(i.get_HR)
    insert_value_calculate150_100            0x08004b95   Thumb Code   826  task.o(i.insert_value_calculate150_100)
    main                                     0x08004f49   Thumb Code   114  main.o(i.main)
    shuzu_init                               0x08004fe9   Thumb Code   138  task.o(i.shuzu_init)
    u2_printf                                0x080050a1   Thumb Code    56  usart2.o(i.u2_printf)
    uart_init                                0x080050e1   Thumb Code   158  usart.o(i.uart_init)
    uncode_time_set_time                     0x08005189   Thumb Code   164  usart2.o(i.uncode_time_set_time)
    _get_lc_numeric                          0x08005231   Thumb Code    44  lc_numeric_c.o(locale$$code)
    _get_lc_ctype                            0x0800525d   Thumb Code    44  lc_ctype_c.o(locale$$code)
    __aeabi_d2f                              0x08005289   Thumb Code     0  d2f.o(x$fpl$d2f)
    _d2f                                     0x08005289   Thumb Code    98  d2f.o(x$fpl$d2f)
    __aeabi_dadd                             0x080052ed   Thumb Code     0  daddsub_clz.o(x$fpl$dadd)
    _dadd                                    0x080052ed   Thumb Code   332  daddsub_clz.o(x$fpl$dadd)
    __fpl_dcmp_Inf                           0x0800543d   Thumb Code    24  dcmpi.o(x$fpl$dcmpinf)
    __aeabi_ddiv                             0x08005455   Thumb Code     0  ddiv.o(x$fpl$ddiv)
    _ddiv                                    0x08005455   Thumb Code   552  ddiv.o(x$fpl$ddiv)
    __aeabi_d2uiz                            0x08005705   Thumb Code     0  dfixu.o(x$fpl$dfixu)
    _dfixu                                   0x08005705   Thumb Code    90  dfixu.o(x$fpl$dfixu)
    __aeabi_i2d                              0x0800575f   Thumb Code     0  dflt_clz.o(x$fpl$dflt)
    _dflt                                    0x0800575f   Thumb Code    46  dflt_clz.o(x$fpl$dflt)
    __aeabi_ui2d                             0x0800578d   Thumb Code     0  dflt_clz.o(x$fpl$dfltu)
    _dfltu                                   0x0800578d   Thumb Code    38  dflt_clz.o(x$fpl$dfltu)
    __aeabi_cdcmple                          0x080057b5   Thumb Code     0  dleqf.o(x$fpl$dleqf)
    _dcmple                                  0x080057b5   Thumb Code   120  dleqf.o(x$fpl$dleqf)
    __fpl_dcmple_InfNaN                      0x08005817   Thumb Code     0  dleqf.o(x$fpl$dleqf)
    __aeabi_dmul                             0x0800582d   Thumb Code     0  dmul.o(x$fpl$dmul)
    _dmul                                    0x0800582d   Thumb Code   332  dmul.o(x$fpl$dmul)
    __fpl_dnaninf                            0x08005981   Thumb Code   156  dnaninf.o(x$fpl$dnaninf)
    __fpl_dretinf                            0x08005a1d   Thumb Code    12  dretinf.o(x$fpl$dretinf)
    __aeabi_cdrcmple                         0x08005a29   Thumb Code     0  drleqf.o(x$fpl$drleqf)
    _drcmple                                 0x08005a29   Thumb Code   108  drleqf.o(x$fpl$drleqf)
    __aeabi_drsub                            0x08005a95   Thumb Code     0  daddsub_clz.o(x$fpl$drsb)
    _drsb                                    0x08005a95   Thumb Code    22  daddsub_clz.o(x$fpl$drsb)
    __aeabi_dsub                             0x08005aad   Thumb Code     0  daddsub_clz.o(x$fpl$dsub)
    _dsub                                    0x08005aad   Thumb Code   464  daddsub_clz.o(x$fpl$dsub)
    __aeabi_f2d                              0x08005c81   Thumb Code     0  f2d.o(x$fpl$f2d)
    _f2d                                     0x08005c81   Thumb Code    86  f2d.o(x$fpl$f2d)
    __aeabi_fadd                             0x08005cd9   Thumb Code     0  faddsub_clz.o(x$fpl$fadd)
    _fadd                                    0x08005cd9   Thumb Code   196  faddsub_clz.o(x$fpl$fadd)
    __fpl_fcmp_Inf                           0x08005d9d   Thumb Code    24  fcmpi.o(x$fpl$fcmpinf)
    __aeabi_fdiv                             0x08005db5   Thumb Code     0  fdiv.o(x$fpl$fdiv)
    _fdiv                                    0x08005db5   Thumb Code   384  fdiv.o(x$fpl$fdiv)
    __aeabi_f2iz                             0x08005f39   Thumb Code     0  ffix.o(x$fpl$ffix)
    _ffix                                    0x08005f39   Thumb Code    54  ffix.o(x$fpl$ffix)
    __aeabi_f2uiz                            0x08005f71   Thumb Code     0  ffixu.o(x$fpl$ffixu)
    _ffixu                                   0x08005f71   Thumb Code    62  ffixu.o(x$fpl$ffixu)
    __aeabi_i2f                              0x08005fb1   Thumb Code     0  fflt_clz.o(x$fpl$fflt)
    _fflt                                    0x08005fb1   Thumb Code    48  fflt_clz.o(x$fpl$fflt)
    __aeabi_ui2f                             0x08005fe1   Thumb Code     0  fflt_clz.o(x$fpl$ffltu)
    _ffltu                                   0x08005fe1   Thumb Code    38  fflt_clz.o(x$fpl$ffltu)
    __aeabi_cfcmple                          0x08006009   Thumb Code     0  fleqf.o(x$fpl$fleqf)
    _fcmple                                  0x08006009   Thumb Code   104  fleqf.o(x$fpl$fleqf)
    __fpl_fcmple_InfNaN                      0x0800605b   Thumb Code     0  fleqf.o(x$fpl$fleqf)
    __aeabi_fmul                             0x08006071   Thumb Code     0  fmul.o(x$fpl$fmul)
    _fmul                                    0x08006071   Thumb Code   258  fmul.o(x$fpl$fmul)
    __fpl_fnaninf                            0x08006173   Thumb Code   140  fnaninf.o(x$fpl$fnaninf)
    __fpl_fretinf                            0x080061ff   Thumb Code    10  fretinf.o(x$fpl$fretinf)
    __aeabi_cfrcmple                         0x08006209   Thumb Code     0  frleqf.o(x$fpl$frleqf)
    _frcmple                                 0x08006209   Thumb Code    98  frleqf.o(x$fpl$frleqf)
    __aeabi_frsub                            0x0800626b   Thumb Code     0  faddsub_clz.o(x$fpl$frsb)
    _frsb                                    0x0800626b   Thumb Code    20  faddsub_clz.o(x$fpl$frsb)
    __aeabi_fsub                             0x08006281   Thumb Code     0  faddsub_clz.o(x$fpl$fsub)
    _fsub                                    0x08006281   Thumb Code   234  faddsub_clz.o(x$fpl$fsub)
    _printf_fp_dec                           0x0800636b   Thumb Code     4  printf1.o(x$fpl$printf1)
    __I$use$fp                               0x0800636e   Number         0  usenofp.o(x$fpl$usenofp)
    table_week                               0x0800636e   Data          12  rtc.o(.constdata)
    mon_table                                0x0800637a   Data          12  rtc.o(.constdata)
    Region$$Table$$Base                      0x0800654c   Number         0  anon$$obj.o(Region$$Table)
    Region$$Table$$Limit                     0x0800656c   Number         0  anon$$obj.o(Region$$Table)
    __ctype                                  0x08006595   Data           0  lc_ctype_c.o(locale$$data)
    HSEStartUpStatus                         0x20000000   Data           1  main.o(.data)
    FlashStatus                              0x20000001   Data           1  main.o(.data)
    VirtAddVarTab                            0x20000002   Data           6  main.o(.data)
    i                                        0x20000008   Data           4  main.o(.data)
    SystemCoreClock                          0x2000000c   Data           4  system_stm32f10x.o(.data)
    AHBPrescTable                            0x20000010   Data          16  system_stm32f10x.o(.data)
    Flash_Addr                               0x20000020   Data          16  parameter.o(.data)
    sFunctionCode                            0x20000030   Data           4  parameter.o(.data)
    sCalculation_management                  0x20000034   Data           8  parameter.o(.data)
    datal                                    0x2000003c   Data           2  task.o(.data)
    MABO_Adc_MAX                             0x2000003e   Data           2  task.o(.data)
    start_times                              0x20000040   Data           1  task.o(.data)
    maibo_max_position                       0x20000042   Data           2  task.o(.data)
    maibo_peak_position                      0x20000044   Data           2  task.o(.data)
    peak_number                              0x20000046   Data           2  task.o(.data)
    adc_mabo                                 0x20000048   Data           2  task.o(.data)
    max_mmgh                                 0x2000004a   Data           2  task.o(.data)
    insert_value                             0x2000004c   Data           8  task.o(.data)
    PD_position                              0x20000054   Data           2  task.o(.data)
    PS_position                              0x20000056   Data           2  task.o(.data)
    MABO_Adc                                 0x20000058   Data           2  task.o(.data)
    YALI_Adc                                 0x2000005a   Data           2  task.o(.data)
    code                                     0x2000005c   Data           4  task.o(.data)
    msec                                     0x20000060   Data           4  task.o(.data)
    MABO_Adc_Convert                         0x20000064   Data           4  task.o(.data)
    YALI_Adc_Convert                         0x20000068   Data           4  task.o(.data)
    avarage_basevalue                        0x2000006c   Data           4  task.o(.data)
    counter_1second                          0x20000070   Data           2  rtc.o(.data)
    AT_MeasureMode0                          0x20000078   Data           4  usart2.o(.data)
    AT_MeasureMode1                          0x20000080   Data           4  usart2.o(.data)
    AT_MeasureMode2                          0x20000088   Data           4  usart2.o(.data)
    AT_MeasureMode3                          0x20000090   Data           4  usart2.o(.data)
    AT_MeasureMode4                          0x20000098   Data           4  usart2.o(.data)
    cmd_start_measure                        0x200000a0   Data           4  usart2.o(.data)
    cmd_tongbu                               0x200000a8   Data           4  usart2.o(.data)
    cmd_time_calibrate                       0x200000b0   Data           4  usart2.o(.data)
    cmd_set_time                             0x200000b8   Data           4  usart2.o(.data)
    cmd_close_motor                          0x200000c0   Data           4  usart2.o(.data)
    cmd_close_valve                          0x200000c8   Data           4  usart2.o(.data)
    cmd_close_motor_valve                    0x200000d0   Data           4  usart2.o(.data)
    cmd_open_motor                           0x200000d8   Data           4  usart2.o(.data)
    cmd_open_valve                           0x200000e0   Data           4  usart2.o(.data)
    cmd_open_motor_valve                     0x200000e8   Data           4  usart2.o(.data)
    cmd_feed_dog                             0x200000f0   Data           4  usart2.o(.data)
    single_measure_completed                 0x200000f8   Data           4  usart2.o(.data)
    test                                     0x20000100   Data           4  usart2.o(.data)
    data4                                    0x20000104   Data           2  usart2.o(.data)
    ddd                                      0x20000106   Data           2  usart2.o(.data)
    VarValue                                 0x20000108   Data           2  usart2.o(.data)
    USART2_RX_STA                            0x2000010a   Data           2  usart2.o(.data)
    DataVar                                  0x2000010c   Data           2  eeprom.o(.data)
    CurWrAddress                             0x20000110   Data           4  eeprom.o(.data)
    __stdout                                 0x20000118   Data           4  usart.o(.data)
    USART_RX_STA                             0x2000011c   Data           2  usart.o(.data)
    MeasureSection                           0x20000134   Data          12  parameter.o(.bss)
    sData_single_management                  0x20000140   Data       19504  parameter.o(.bss)
    sCalendar_management                     0x20004d70   Data          10  parameter.o(.bss)
    HR_Time                                  0x20004d7c   Data        1020  task.o(.bss)
    string_temp_date                         0x20005240   Data         200  task.o(.bss)
    string_temp_time_date_syn_measure        0x20005308   Data         200  task.o(.bss)
    maibo_peak_percent                       0x200053d0   Data         400  task.o(.bss)
    calendar                                 0x20005560   Data          10  rtc.o(.bss)
    STMFLASH_BUF                             0x2000556a   Data        2048  flash.o(.bss)
    USART2_TX_BUF                            0x20005d70   Data         200  usart2.o(.bss)
    USART2_RX_BUF                            0x20005e38   Data         200  usart2.o(.bss)
    USART_RX_BUF                             0x20005f00   Data         200  usart.o(.bss)
    __libspace_start                         0x20005fc8   Data          96  libspace.o(.bss)
    __temporary_stack_top$libspace           0x20006028   Data           0  libspace.o(.bss)



==============================================================================

Memory Map of the image

  Image Entry point : 0x08000131

  Load Region LR_IROM1 (Base: 0x08000000, Size: 0x000067cc, Max: 0x00040000, ABSOLUTE, COMPRESSED[0x00006708])

    Execution Region ER_IROM1 (Base: 0x08000000, Size: 0x00006698, Max: 0x00040000, ABSOLUTE)

    Base Addr    Size         Type   Attr      Idx    E Section Name        Object

    0x08000000   0x00000130   Data   RO          868    RESET               startup_stm32f10x_hd.o
    0x08000130   0x00000008   Code   RO         2805  * !!!main             c_w.l(__main.o)
    0x08000138   0x00000034   Code   RO         3160    !!!scatter          c_w.l(__scatter.o)
    0x0800016c   0x0000005a   Code   RO         3158    !!dczerorl2         c_w.l(__dczerorl2.o)
    0x080001c6   0x00000002   PAD
    0x080001c8   0x0000001c   Code   RO         3162    !!handler_zi        c_w.l(__scatter_zi.o)
    0x080001e4   0x00000000   Code   RO         2790    .ARM.Collect$$_printf_percent$$00000000  c_w.l(_printf_percent.o)
    0x080001e4   0x00000006   Code   RO         2918    .ARM.Collect$$_printf_percent$$00000001  c_w.l(_printf_n.o)
    0x080001ea   0x00000006   Code   RO         2920    .ARM.Collect$$_printf_percent$$00000002  c_w.l(_printf_p.o)
    0x080001f0   0x00000006   Code   RO         2789    .ARM.Collect$$_printf_percent$$00000003  c_w.l(_printf_f.o)
    0x080001f6   0x00000006   Code   RO         2923    .ARM.Collect$$_printf_percent$$00000004  c_w.l(_printf_e.o)
    0x080001fc   0x00000006   Code   RO         2924    .ARM.Collect$$_printf_percent$$00000005  c_w.l(_printf_g.o)
    0x08000202   0x00000006   Code   RO         2925    .ARM.Collect$$_printf_percent$$00000006  c_w.l(_printf_a.o)
    0x08000208   0x0000000a   Code   RO         2930    .ARM.Collect$$_printf_percent$$00000007  c_w.l(_printf_ll.o)
    0x08000212   0x00000006   Code   RO         2922    .ARM.Collect$$_printf_percent$$00000008  c_w.l(_printf_i.o)
    0x08000218   0x00000006   Code   RO         2787    .ARM.Collect$$_printf_percent$$00000009  c_w.l(_printf_d.o)
    0x0800021e   0x00000006   Code   RO         2788    .ARM.Collect$$_printf_percent$$0000000A  c_w.l(_printf_u.o)
    0x08000224   0x00000006   Code   RO         2921    .ARM.Collect$$_printf_percent$$0000000B  c_w.l(_printf_o.o)
    0x0800022a   0x00000006   Code   RO         2919    .ARM.Collect$$_printf_percent$$0000000C  c_w.l(_printf_x.o)
    0x08000230   0x00000006   Code   RO         2927    .ARM.Collect$$_printf_percent$$0000000D  c_w.l(_printf_lli.o)
    0x08000236   0x00000006   Code   RO         2928    .ARM.Collect$$_printf_percent$$0000000E  c_w.l(_printf_lld.o)
    0x0800023c   0x00000006   Code   RO         2929    .ARM.Collect$$_printf_percent$$0000000F  c_w.l(_printf_llu.o)
    0x08000242   0x00000006   Code   RO         2934    .ARM.Collect$$_printf_percent$$00000010  c_w.l(_printf_llo.o)
    0x08000248   0x00000006   Code   RO         2935    .ARM.Collect$$_printf_percent$$00000011  c_w.l(_printf_llx.o)
    0x0800024e   0x0000000a   Code   RO         2931    .ARM.Collect$$_printf_percent$$00000012  c_w.l(_printf_l.o)
    0x08000258   0x00000006   Code   RO         2785    .ARM.Collect$$_printf_percent$$00000013  c_w.l(_printf_c.o)
    0x0800025e   0x00000006   Code   RO         2786    .ARM.Collect$$_printf_percent$$00000014  c_w.l(_printf_s.o)
    0x08000264   0x00000006   Code   RO         2932    .ARM.Collect$$_printf_percent$$00000015  c_w.l(_printf_lc.o)
    0x0800026a   0x00000006   Code   RO         2933    .ARM.Collect$$_printf_percent$$00000016  c_w.l(_printf_ls.o)
    0x08000270   0x00000004   Code   RO         2926    .ARM.Collect$$_printf_percent$$00000017  c_w.l(_printf_percent_end.o)
    0x08000274   0x00000002   Code   RO         3033    .ARM.Collect$$libinit$$00000000  c_w.l(libinit.o)
    0x08000276   0x00000000   Code   RO         3035    .ARM.Collect$$libinit$$00000002  c_w.l(libinit2.o)
    0x08000276   0x00000000   Code   RO         3037    .ARM.Collect$$libinit$$00000004  c_w.l(libinit2.o)
    0x08000276   0x00000000   Code   RO         3040    .ARM.Collect$$libinit$$0000000A  c_w.l(libinit2.o)
    0x08000276   0x00000000   Code   RO         3042    .ARM.Collect$$libinit$$0000000C  c_w.l(libinit2.o)
    0x08000276   0x00000000   Code   RO         3044    .ARM.Collect$$libinit$$0000000E  c_w.l(libinit2.o)
    0x08000276   0x00000006   Code   RO         3045    .ARM.Collect$$libinit$$0000000F  c_w.l(libinit2.o)
    0x0800027c   0x00000000   Code   RO         3047    .ARM.Collect$$libinit$$00000011  c_w.l(libinit2.o)
    0x0800027c   0x0000000c   Code   RO         3048    .ARM.Collect$$libinit$$00000012  c_w.l(libinit2.o)
    0x08000288   0x00000000   Code   RO         3049    .ARM.Collect$$libinit$$00000013  c_w.l(libinit2.o)
    0x08000288   0x00000000   Code   RO         3051    .ARM.Collect$$libinit$$00000015  c_w.l(libinit2.o)
    0x08000288   0x0000000a   Code   RO         3052    .ARM.Collect$$libinit$$00000016  c_w.l(libinit2.o)
    0x08000292   0x00000000   Code   RO         3053    .ARM.Collect$$libinit$$00000017  c_w.l(libinit2.o)
    0x08000292   0x00000000   Code   RO         3055    .ARM.Collect$$libinit$$00000019  c_w.l(libinit2.o)
    0x08000292   0x00000000   Code   RO         3057    .ARM.Collect$$libinit$$0000001B  c_w.l(libinit2.o)
    0x08000292   0x00000000   Code   RO         3059    .ARM.Collect$$libinit$$0000001D  c_w.l(libinit2.o)
    0x08000292   0x00000000   Code   RO         3061    .ARM.Collect$$libinit$$0000001F  c_w.l(libinit2.o)
    0x08000292   0x00000000   Code   RO         3063    .ARM.Collect$$libinit$$00000021  c_w.l(libinit2.o)
    0x08000292   0x00000000   Code   RO         3065    .ARM.Collect$$libinit$$00000023  c_w.l(libinit2.o)
    0x08000292   0x00000000   Code   RO         3067    .ARM.Collect$$libinit$$00000025  c_w.l(libinit2.o)
    0x08000292   0x00000000   Code   RO         3071    .ARM.Collect$$libinit$$0000002C  c_w.l(libinit2.o)
    0x08000292   0x00000000   Code   RO         3073    .ARM.Collect$$libinit$$0000002E  c_w.l(libinit2.o)
    0x08000292   0x00000000   Code   RO         3075    .ARM.Collect$$libinit$$00000030  c_w.l(libinit2.o)
    0x08000292   0x00000000   Code   RO         3077    .ARM.Collect$$libinit$$00000032  c_w.l(libinit2.o)
    0x08000292   0x00000002   Code   RO         3078    .ARM.Collect$$libinit$$00000033  c_w.l(libinit2.o)
    0x08000294   0x00000002   Code   RO         3109    .ARM.Collect$$libshutdown$$00000000  c_w.l(libshutdown.o)
    0x08000296   0x00000000   Code   RO         3119    .ARM.Collect$$libshutdown$$00000003  c_w.l(libshutdown2.o)
    0x08000296   0x00000000   Code   RO         3122    .ARM.Collect$$libshutdown$$00000006  c_w.l(libshutdown2.o)
    0x08000296   0x00000000   Code   RO         3125    .ARM.Collect$$libshutdown$$00000009  c_w.l(libshutdown2.o)
    0x08000296   0x00000000   Code   RO         3127    .ARM.Collect$$libshutdown$$0000000B  c_w.l(libshutdown2.o)
    0x08000296   0x00000000   Code   RO         3130    .ARM.Collect$$libshutdown$$0000000E  c_w.l(libshutdown2.o)
    0x08000296   0x00000002   Code   RO         3131    .ARM.Collect$$libshutdown$$0000000F  c_w.l(libshutdown2.o)
    0x08000298   0x00000000   Code   RO         2869    .ARM.Collect$$rtentry$$00000000  c_w.l(__rtentry.o)
    0x08000298   0x00000000   Code   RO         2950    .ARM.Collect$$rtentry$$00000002  c_w.l(__rtentry2.o)
    0x08000298   0x00000006   Code   RO         2962    .ARM.Collect$$rtentry$$00000004  c_w.l(__rtentry4.o)
    0x0800029e   0x00000000   Code   RO         2952    .ARM.Collect$$rtentry$$00000009  c_w.l(__rtentry2.o)
    0x0800029e   0x00000004   Code   RO         2953    .ARM.Collect$$rtentry$$0000000A  c_w.l(__rtentry2.o)
    0x080002a2   0x00000000   Code   RO         2955    .ARM.Collect$$rtentry$$0000000C  c_w.l(__rtentry2.o)
    0x080002a2   0x00000008   Code   RO         2956    .ARM.Collect$$rtentry$$0000000D  c_w.l(__rtentry2.o)
    0x080002aa   0x00000002   Code   RO         3079    .ARM.Collect$$rtexit$$00000000  c_w.l(rtexit.o)
    0x080002ac   0x00000000   Code   RO         3089    .ARM.Collect$$rtexit$$00000002  c_w.l(rtexit2.o)
    0x080002ac   0x00000004   Code   RO         3090    .ARM.Collect$$rtexit$$00000003  c_w.l(rtexit2.o)
    0x080002b0   0x00000006   Code   RO         3091    .ARM.Collect$$rtexit$$00000004  c_w.l(rtexit2.o)
    0x080002b6   0x00000002   PAD
    0x080002b8   0x00000040   Code   RO          869    .text               startup_stm32f10x_hd.o
    0x080002f8   0x00000002   Code   RO         2745    .text               c_w.l(use_no_semi_2.o)
    0x080002fa   0x00000002   PAD
    0x080002fc   0x00000024   Code   RO         2747    .text               c_w.l(c89vsprintf.o)
    0x08000320   0x00000018   Code   RO         2749    .text               c_w.l(__2printf.o)
    0x08000338   0x0000002c   Code   RO         2751    .text               c_w.l(__2sprintf.o)
    0x08000364   0x0000004e   Code   RO         2759    .text               c_w.l(_printf_pad.o)
    0x080003b2   0x00000052   Code   RO         2761    .text               c_w.l(_printf_str.o)
    0x08000404   0x00000078   Code   RO         2763    .text               c_w.l(_printf_dec.o)
    0x0800047c   0x00000188   Code   RO         2782    .text               c_w.l(__printf_flags_ss_wp.o)
    0x08000604   0x00000024   Code   RO         2791    .text               c_w.l(strstr.o)
    0x08000628   0x00000058   Code   RO         2793    .text               c_w.l(memcmp.o)
    0x08000680   0x0000003e   Code   RO         2795    .text               c_w.l(strlen.o)
    0x080006be   0x00000018   Code   RO         2797    .text               c_w.l(strcat.o)
    0x080006d6   0x00000044   Code   RO         2799    .text               c_w.l(rt_memclr.o)
    0x0800071a   0x0000004e   Code   RO         2801    .text               c_w.l(rt_memclr_w.o)
    0x08000768   0x00000006   Code   RO         2803    .text               c_w.l(heapauxi.o)
    0x0800076e   0x00000002   Code   RO         2867    .text               c_w.l(use_no_semi.o)
    0x08000770   0x00000024   Code   RO         2870    .text               c_w.l(_printf_truncate.o)
    0x08000794   0x000000b2   Code   RO         2872    .text               c_w.l(_printf_intcommon.o)
    0x08000846   0x00000028   Code   RO         2874    .text               c_w.l(_printf_charcount.o)
    0x0800086e   0x0000041a   Code   RO         2876    .text               c_w.l(_printf_fp_dec.o)
    0x08000c88   0x00000030   Code   RO         2878    .text               c_w.l(_printf_char_common.o)
    0x08000cb8   0x0000000a   Code   RO         2880    .text               c_w.l(_sputc.o)
    0x08000cc2   0x0000002c   Code   RO         2882    .text               c_w.l(_printf_char.o)
    0x08000cee   0x00000002   PAD
    0x08000cf0   0x00000024   Code   RO         2884    .text               c_w.l(_printf_char_file.o)
    0x08000d14   0x000000bc   Code   RO         2886    .text               c_w.l(_printf_wctomb.o)
    0x08000dd0   0x0000007c   Code   RO         2889    .text               c_w.l(_printf_longlong_dec.o)
    0x08000e4c   0x00000070   Code   RO         2895    .text               c_w.l(_printf_oct_int_ll.o)
    0x08000ebc   0x00000094   Code   RO         2915    .text               c_w.l(_printf_hex_int_ll_ptr.o)
    0x08000f50   0x00000008   Code   RO         2967    .text               c_w.l(rt_locale_intlibspace.o)
    0x08000f58   0x0000008a   Code   RO         2969    .text               c_w.l(lludiv10.o)
    0x08000fe2   0x00000002   PAD
    0x08000fe4   0x00000080   Code   RO         2971    .text               c_w.l(_printf_fp_infnan.o)
    0x08001064   0x0000002c   Code   RO         2975    .text               c_w.l(_printf_wchar.o)
    0x08001090   0x000000dc   Code   RO         2977    .text               c_w.l(bigflt0.o)
    0x0800116c   0x00000008   Code   RO         3002    .text               c_w.l(ferror.o)
    0x08001174   0x00000040   Code   RO         3006    .text               c_w.l(_wcrtomb.o)
    0x080011b4   0x00000008   Code   RO         3017    .text               c_w.l(libspace.o)
    0x080011bc   0x0000004a   Code   RO         3020    .text               c_w.l(sys_stackheap_outer.o)
    0x08001206   0x00000002   PAD
    0x08001208   0x00000010   Code   RO         3022    .text               c_w.l(rt_ctype_table.o)
    0x08001218   0x0000000c   Code   RO         3024    .text               c_w.l(exit.o)
    0x08001224   0x00000080   Code   RO         3026    .text               c_w.l(strcmpv7m.o)
    0x080012a4   0x0000003e   Code   RO         2980    CL$$btod_d2e        c_w.l(btod.o)
    0x080012e2   0x00000046   Code   RO         2982    CL$$btod_d2e_denorm_low  c_w.l(btod.o)
    0x08001328   0x00000060   Code   RO         2981    CL$$btod_d2e_norm_op1  c_w.l(btod.o)
    0x08001388   0x00000338   Code   RO         2990    CL$$btod_div_common  c_w.l(btod.o)
    0x080016c0   0x000000c6   Code   RO         2987    CL$$btod_e2e        c_w.l(btod.o)
    0x08001786   0x00000028   Code   RO         2984    CL$$btod_ediv       c_w.l(btod.o)
    0x080017ae   0x00000028   Code   RO         2983    CL$$btod_emul       c_w.l(btod.o)
    0x080017d6   0x00000244   Code   RO         2989    CL$$btod_mult_common  c_w.l(btod.o)
    0x08001a1a   0x00000016   Code   RO         1209    i.ADC_Cmd           stm32f10x_adc.o
    0x08001a30   0x0000005c   Code   RO         1211    i.ADC_DeInit        stm32f10x_adc.o
    0x08001a8c   0x00000014   Code   RO         1217    i.ADC_GetCalibrationStatus  stm32f10x_adc.o
    0x08001aa0   0x00000008   Code   RO         1218    i.ADC_GetConversionValue  stm32f10x_adc.o
    0x08001aa8   0x00000012   Code   RO         1220    i.ADC_GetFlagStatus  stm32f10x_adc.o
    0x08001aba   0x00000014   Code   RO         1223    i.ADC_GetResetCalibrationStatus  stm32f10x_adc.o
    0x08001ace   0x00000002   PAD
    0x08001ad0   0x00000050   Code   RO         1227    i.ADC_Init          stm32f10x_adc.o
    0x08001b20   0x000000b8   Code   RO         1231    i.ADC_RegularChannelConfig  stm32f10x_adc.o
    0x08001bd8   0x0000000a   Code   RO         1232    i.ADC_ResetCalibration  stm32f10x_adc.o
    0x08001be2   0x00000016   Code   RO         1234    i.ADC_SoftwareStartConvCmd  stm32f10x_adc.o
    0x08001bf8   0x0000000a   Code   RO         1236    i.ADC_StartCalibration  stm32f10x_adc.o
    0x08001c02   0x00000002   PAD
    0x08001c04   0x000000a0   Code   RO          271    i.Adc_Init          adc.o
    0x08001ca4   0x00000010   Code   RO         1499    i.BKP_DeInit        stm32f10x_bkp.o
    0x08001cb4   0x00000004   Code   RO          138    i.BusFault_Handler  stm32f10x_it.o
    0x08001cb8   0x00000002   Code   RO          139    i.DebugMon_Handler  stm32f10x_it.o
    0x08001cba   0x00000002   PAD
    0x08001cbc   0x00000058   Code   RO          701    i.EE_FindValidPage  eeprom.o
    0x08001d14   0x0000003c   Code   RO          702    i.EE_Format         eeprom.o
    0x08001d50   0x00000010   Code   RO          703    i.EE_Init           eeprom.o
    0x08001d60   0x000000f4   Code   RO          704    i.EE_PageTransfer   eeprom.o
    0x08001e54   0x00000060   Code   RO          705    i.EE_ReadVariable   eeprom.o
    0x08001eb4   0x00000088   Code   RO          706    i.EE_VerifyPageFullWriteVariable  eeprom.o
    0x08001f3c   0x00000024   Code   RO          707    i.EE_WriteVariable  eeprom.o
    0x08001f60   0x00000080   Code   RO          335    i.Error_ReStart_Measure  task.o
    0x08001fe0   0x0000004c   Code   RO         1930    i.FLASH_ErasePage   stm32f10x_flash.o
    0x0800202c   0x00000034   Code   RO         1931    i.FLASH_GetBank1Status  stm32f10x_flash.o
    0x08002060   0x00000014   Code   RO         1940    i.FLASH_Lock        stm32f10x_flash.o
    0x08002074   0x00000040   Code   RO         1943    i.FLASH_ProgramHalfWord  stm32f10x_flash.o
    0x080020b4   0x00000018   Code   RO         1948    i.FLASH_Unlock      stm32f10x_flash.o
    0x080020cc   0x00000026   Code   RO         1952    i.FLASH_WaitForLastOperation  stm32f10x_flash.o
    0x080020f2   0x00000116   Code   RO          879    i.GPIO_Init         stm32f10x_gpio.o
    0x08002208   0x00000004   Code   RO          886    i.GPIO_ResetBits    stm32f10x_gpio.o
    0x0800220c   0x00000004   Code   RO          887    i.GPIO_SetBits      stm32f10x_gpio.o
    0x08002210   0x00000034   Code   RO          272    i.Get_Adc           adc.o
    0x08002244   0x0000002e   Code   RO          273    i.Get_Adc_Average   adc.o
    0x08002272   0x00000002   PAD
    0x08002274   0x00000034   Code   RO          336    i.Getmax_maibo      task.o
    0x080022a8   0x000000d4   Code   RO          337    i.Getpeak_maibo     task.o
    0x0800237c   0x0000002c   Code   RO          497    i.HC05_CFG_CMDshow  hc05.o
    0x080023a8   0x0000010c   Code   RO          499    i.HC05_Init         hc05.o
    0x080024b4   0x00000004   Code   RO          140    i.HardFault_Handler  stm32f10x_it.o
    0x080024b8   0x00000064   Code   RO          708    i.InitCurrWrAddress  eeprom.o
    0x0800251c   0x0000003a   Code   RO          441    i.Is_Leap_Year      rtc.o
    0x08002556   0x00000002   PAD
    0x08002558   0x00000034   Code   RO          317    i.MOTOR_Init        gpio.o
    0x0800258c   0x00000078   Code   RO          790    i.MY_NVIC_Init      sys.o
    0x08002604   0x00000028   Code   RO          791    i.MY_NVIC_PriorityGroupConfig  sys.o
    0x0800262c   0x00000004   Code   RO          141    i.MemManage_Handler  stm32f10x_it.o
    0x08002630   0x00000002   Code   RO          142    i.NMI_Handler       stm32f10x_it.o
    0x08002632   0x0000000c   Code   RO          792    i.NVIC_Configuration  sys.o
    0x0800263e   0x00000002   PAD
    0x08002640   0x00000070   Code   RO         1167    i.NVIC_Init         misc.o
    0x080026b0   0x00000014   Code   RO         1168    i.NVIC_PriorityGroupConfig  misc.o
    0x080026c4   0x0000000c   Code   RO         1575    i.PWR_BackupAccessCmd  stm32f10x_pwr.o
    0x080026d0   0x00000034   Code   RO         1578    i.PWR_EnterSTANDBYMode  stm32f10x_pwr.o
    0x08002704   0x0000000c   Code   RO         1583    i.PWR_WakeUpPinCmd  stm32f10x_pwr.o
    0x08002710   0x00000002   Code   RO          143    i.PendSV_Handler    stm32f10x_it.o
    0x08002712   0x00000002   PAD
    0x08002714   0x00000018   Code   RO         1725    i.RCC_ADCCLKConfig  stm32f10x_rcc.o
    0x0800272c   0x00000020   Code   RO         1727    i.RCC_APB1PeriphClockCmd  stm32f10x_rcc.o
    0x0800274c   0x00000020   Code   RO         1728    i.RCC_APB1PeriphResetCmd  stm32f10x_rcc.o
    0x0800276c   0x00000020   Code   RO         1729    i.RCC_APB2PeriphClockCmd  stm32f10x_rcc.o
    0x0800278c   0x00000020   Code   RO         1730    i.RCC_APB2PeriphResetCmd  stm32f10x_rcc.o
    0x080027ac   0x0000000c   Code   RO         1732    i.RCC_BackupResetCmd  stm32f10x_rcc.o
    0x080027b8   0x000000d4   Code   RO         1737    i.RCC_GetClocksFreq  stm32f10x_rcc.o
    0x0800288c   0x0000003c   Code   RO         1738    i.RCC_GetFlagStatus  stm32f10x_rcc.o
    0x080028c8   0x00000034   Code   RO         1745    i.RCC_LSEConfig     stm32f10x_rcc.o
    0x080028fc   0x0000000c   Code   RO         1752    i.RCC_RTCCLKCmd     stm32f10x_rcc.o
    0x08002908   0x00000010   Code   RO         1753    i.RCC_RTCCLKConfig  stm32f10x_rcc.o
    0x08002918   0x00000010   Code   RO         1636    i.RTC_ClearITPendingBit  stm32f10x_rtc.o
    0x08002928   0x00000014   Code   RO         1637    i.RTC_EnterConfigMode  stm32f10x_rtc.o
    0x0800293c   0x00000014   Code   RO         1638    i.RTC_ExitConfigMode  stm32f10x_rtc.o
    0x08002950   0x00000100   Code   RO          442    i.RTC_Get           rtc.o
    0x08002a50   0x00000014   Code   RO         1639    i.RTC_GetCounter    stm32f10x_rtc.o
    0x08002a64   0x00000024   Code   RO         1642    i.RTC_GetITStatus   stm32f10x_rtc.o
    0x08002a88   0x00000078   Code   RO          443    i.RTC_Get_Week      rtc.o
    0x08002b00   0x00000080   Code   RO          444    i.RTC_IRQHandler    rtc.o
    0x08002b80   0x00000020   Code   RO         1643    i.RTC_ITConfig      stm32f10x_rtc.o
    0x08002ba0   0x0000008a   Code   RO          445    i.RTC_Init          rtc.o
    0x08002c2a   0x00000020   Code   RO          446    i.RTC_NVIC_Config   rtc.o
    0x08002c4a   0x00000002   PAD
    0x08002c4c   0x000000cc   Code   RO          447    i.RTC_Set           rtc.o
    0x08002d18   0x0000001c   Code   RO         1644    i.RTC_SetAlarm      stm32f10x_rtc.o
    0x08002d34   0x0000001c   Code   RO         1645    i.RTC_SetCounter    stm32f10x_rtc.o
    0x08002d50   0x00000020   Code   RO         1646    i.RTC_SetPrescaler  stm32f10x_rtc.o
    0x08002d70   0x00000014   Code   RO         1647    i.RTC_WaitForLastTask  stm32f10x_rtc.o
    0x08002d84   0x00000024   Code   RO         1648    i.RTC_WaitForSynchro  stm32f10x_rtc.o
    0x08002da8   0x00000022   Code   RO          532    i.STMFLASH_Read     flash.o
    0x08002dca   0x00000006   Code   RO          533    i.STMFLASH_ReadHalfWord  flash.o
    0x08002dd0   0x000000e8   Code   RO          534    i.STMFLASH_Write    flash.o
    0x08002eb8   0x00000026   Code   RO          535    i.STMFLASH_Write_NoCheck  flash.o
    0x08002ede   0x00000002   Code   RO          144    i.SVC_Handler       stm32f10x_it.o
    0x08002ee0   0x00000008   Code   RO          224    i.SetSysClock       system_stm32f10x.o
    0x08002ee8   0x000000e0   Code   RO          225    i.SetSysClockTo72   system_stm32f10x.o
    0x08002fc8   0x00000028   Code   RO         1171    i.SysTick_CLKSourceConfig  misc.o
    0x08002ff0   0x00000002   Code   RO          145    i.SysTick_Handler   stm32f10x_it.o
    0x08002ff2   0x00000012   Code   RO          589    i.Sys_Enter_Standby  wkup.o
    0x08003004   0x00000016   Code   RO          590    i.Sys_Standby       wkup.o
    0x0800301a   0x00000002   PAD
    0x0800301c   0x00000060   Code   RO          227    i.SystemInit        system_stm32f10x.o
    0x0800307c   0x0000001c   Code   RO          571    i.TIM3_IRQHandler   timer.o
    0x08003098   0x00000060   Code   RO          572    i.TIM3_Int_Init     timer.o
    0x080030f8   0x00000034   Code   RO          625    i.TIM4_IRQHandler   usart2.o
    0x0800312c   0x00000050   Code   RO          626    i.TIM4_Init         usart2.o
    0x0800317c   0x00000030   Code   RO          627    i.TIM4_Set          usart2.o
    0x080031ac   0x00000006   Code   RO         2110    i.TIM_ClearITPendingBit  stm32f10x_tim.o
    0x080031b2   0x00000018   Code   RO         2115    i.TIM_Cmd           stm32f10x_tim.o
    0x080031ca   0x00000006   Code   RO         2134    i.TIM_GetCounter    stm32f10x_tim.o
    0x080031d0   0x00000022   Code   RO         2136    i.TIM_GetITStatus   stm32f10x_tim.o
    0x080031f2   0x00000012   Code   RO         2140    i.TIM_ITConfig      stm32f10x_tim.o
    0x08003204   0x000000a4   Code   RO         2186    i.TIM_TimeBaseInit  stm32f10x_tim.o
    0x080032a8   0x00000054   Code   RO          628    i.UART_DMA_Config   usart2.o
    0x080032fc   0x00000014   Code   RO          629    i.UART_DMA_Enable   usart2.o
    0x08003310   0x00000088   Code   RO          814    i.USART1_IRQHandler  usart.o
    0x08003398   0x00000284   Code   RO          630    i.USART2_IRQHandler  usart2.o
    0x0800361c   0x000000d0   Code   RO          631    i.USART2_Init       usart2.o
    0x080036ec   0x00000018   Code   RO          991    i.USART_Cmd         stm32f10x_usart.o
    0x08003704   0x0000009c   Code   RO          993    i.USART_DeInit      stm32f10x_usart.o
    0x080037a0   0x00000054   Code   RO          995    i.USART_GetITStatus  stm32f10x_usart.o
    0x080037f4   0x0000004a   Code   RO          997    i.USART_ITConfig    stm32f10x_usart.o
    0x0800383e   0x00000002   PAD
    0x08003840   0x000000d8   Code   RO          998    i.USART_Init        stm32f10x_usart.o
    0x08003918   0x0000000a   Code   RO         1005    i.USART_ReceiveData  stm32f10x_usart.o
    0x08003922   0x00000004   Code   RO          146    i.UsageFault_Handler  stm32f10x_it.o
    0x08003926   0x00000002   PAD
    0x08003928   0x00000034   Code   RO          318    i.VALVE_Init        gpio.o
    0x0800395c   0x00000028   Code   RO         3015    i.__ARM_fpclassify  m_ws.l(fpclassify.o)
    0x08003984   0x000001f8   Code   RO          709    i.__EE_Init         eeprom.o
    0x08003b7c   0x0000000e   Code   RO         2775    i._is_digit         c_w.l(__printf_wp.o)
    0x08003b8a   0x00000006   Code   RO          815    i._sys_exit         usart.o
    0x08003b90   0x00000264   Code   RO          338    i.attach_time_stamp  task.o
    0x08003df4   0x000006b0   Code   RO          339    i.calculate_HR_PD_PS  task.o
    0x080044a4   0x00000040   Code   RO          340    i.calculate_avarage_basevalue  task.o
    0x080044e4   0x00000040   Code   RO          341    i.calculate_percent  task.o
    0x08004524   0x00000120   Code   RO          342    i.data_FIFO         task.o
    0x08004644   0x00000164   Code   RO          343    i.data_measure      task.o
    0x080047a8   0x00000044   Code   RO          764    i.delay_init        delay.o
    0x080047ec   0x0000004c   Code   RO          765    i.delay_ms          delay.o
    0x08004838   0x0000004c   Code   RO          766    i.delay_us          delay.o
    0x08004884   0x00000290   Code   RO          344    i.execution_instruction  task.o
    0x08004b14   0x0000001c   Code   RO          816    i.fputc             usart.o
    0x08004b30   0x00000064   Code   RO          345    i.get_HR            task.o
    0x08004b94   0x000003b4   Code   RO          346    i.insert_value_calculate150_100  task.o
    0x08004f48   0x000000a0   Code   RO            1    i.main              main.o
    0x08004fe8   0x000000b8   Code   RO          347    i.shuzu_init        task.o
    0x080050a0   0x00000040   Code   RO          632    i.u2_printf         usart2.o
    0x080050e0   0x000000a8   Code   RO          817    i.uart_init         usart.o
    0x08005188   0x000000a8   Code   RO          633    i.uncode_time_set_time  usart2.o
    0x08005230   0x0000002c   Code   RO         3009    locale$$code        c_w.l(lc_numeric_c.o)
    0x0800525c   0x0000002c   Code   RO         3082    locale$$code        c_w.l(lc_ctype_c.o)
    0x08005288   0x00000062   Code   RO         2807    x$fpl$d2f           fz_ws.l(d2f.o)
    0x080052ea   0x00000002   PAD
    0x080052ec   0x00000150   Code   RO         2809    x$fpl$dadd          fz_ws.l(daddsub_clz.o)
    0x0800543c   0x00000018   Code   RO         2936    x$fpl$dcmpinf       fz_ws.l(dcmpi.o)
    0x08005454   0x000002b0   Code   RO         2816    x$fpl$ddiv          fz_ws.l(ddiv.o)
    0x08005704   0x0000005a   Code   RO         2819    x$fpl$dfixu         fz_ws.l(dfixu.o)
    0x0800575e   0x0000002e   Code   RO         2824    x$fpl$dflt          fz_ws.l(dflt_clz.o)
    0x0800578c   0x00000026   Code   RO         2823    x$fpl$dfltu         fz_ws.l(dflt_clz.o)
    0x080057b2   0x00000002   PAD
    0x080057b4   0x00000078   Code   RO         2829    x$fpl$dleqf         fz_ws.l(dleqf.o)
    0x0800582c   0x00000154   Code   RO         2831    x$fpl$dmul          fz_ws.l(dmul.o)
    0x08005980   0x0000009c   Code   RO         2938    x$fpl$dnaninf       fz_ws.l(dnaninf.o)
    0x08005a1c   0x0000000c   Code   RO         2940    x$fpl$dretinf       fz_ws.l(dretinf.o)
    0x08005a28   0x0000006c   Code   RO         2833    x$fpl$drleqf        fz_ws.l(drleqf.o)
    0x08005a94   0x00000016   Code   RO         2810    x$fpl$drsb          fz_ws.l(daddsub_clz.o)
    0x08005aaa   0x00000002   PAD
    0x08005aac   0x000001d4   Code   RO         2811    x$fpl$dsub          fz_ws.l(daddsub_clz.o)
    0x08005c80   0x00000056   Code   RO         2835    x$fpl$f2d           fz_ws.l(f2d.o)
    0x08005cd6   0x00000002   PAD
    0x08005cd8   0x000000c4   Code   RO         2837    x$fpl$fadd          fz_ws.l(faddsub_clz.o)
    0x08005d9c   0x00000018   Code   RO         3011    x$fpl$fcmpinf       fz_ws.l(fcmpi.o)
    0x08005db4   0x00000184   Code   RO         2844    x$fpl$fdiv          fz_ws.l(fdiv.o)
    0x08005f38   0x00000036   Code   RO         2847    x$fpl$ffix          fz_ws.l(ffix.o)
    0x08005f6e   0x00000002   PAD
    0x08005f70   0x0000003e   Code   RO         2851    x$fpl$ffixu         fz_ws.l(ffixu.o)
    0x08005fae   0x00000002   PAD
    0x08005fb0   0x00000030   Code   RO         2856    x$fpl$fflt          fz_ws.l(fflt_clz.o)
    0x08005fe0   0x00000026   Code   RO         2855    x$fpl$ffltu         fz_ws.l(fflt_clz.o)
    0x08006006   0x00000002   PAD
    0x08006008   0x00000068   Code   RO         2942    x$fpl$fleqf         fz_ws.l(fleqf.o)
    0x08006070   0x00000102   Code   RO         2861    x$fpl$fmul          fz_ws.l(fmul.o)
    0x08006172   0x0000008c   Code   RO         2944    x$fpl$fnaninf       fz_ws.l(fnaninf.o)
    0x080061fe   0x0000000a   Code   RO         2946    x$fpl$fretinf       fz_ws.l(fretinf.o)
    0x08006208   0x00000062   Code   RO         2863    x$fpl$frleqf        fz_ws.l(frleqf.o)
    0x0800626a   0x00000014   Code   RO         2838    x$fpl$frsb          fz_ws.l(faddsub_clz.o)
    0x0800627e   0x00000002   PAD
    0x08006280   0x000000ea   Code   RO         2839    x$fpl$fsub          fz_ws.l(faddsub_clz.o)
    0x0800636a   0x00000004   Code   RO         2865    x$fpl$printf1       fz_ws.l(printf1.o)
    0x0800636e   0x00000000   Code   RO         2948    x$fpl$usenofp       fz_ws.l(usenofp.o)
    0x0800636e   0x00000018   Data   RO          449    .constdata          rtc.o
    0x08006386   0x00000011   Data   RO         2783    .constdata          c_w.l(__printf_flags_ss_wp.o)
    0x08006397   0x00000001   PAD
    0x08006398   0x00000008   Data   RO         2887    .constdata          c_w.l(_printf_wctomb.o)
    0x080063a0   0x00000028   Data   RO         2916    .constdata          c_w.l(_printf_hex_int_ll_ptr.o)
    0x080063c8   0x00000094   Data   RO         2978    .constdata          c_w.l(bigflt0.o)
    0x0800645c   0x000000ed   Data   RO          635    .conststring        usart2.o
    0x08006549   0x00000003   PAD
    0x0800654c   0x00000020   Data   RO         3156    Region$$Table       anon$$obj.o
    0x0800656c   0x0000001c   Data   RO         3008    locale$$data        c_w.l(lc_numeric_c.o)
    0x08006588   0x00000110   Data   RO         3081    locale$$data        c_w.l(lc_ctype_c.o)


    Execution Region RW_IRAM1 (Base: 0x20000000, Size: 0x00006628, Max: 0x0000c000, ABSOLUTE, COMPRESSED[0x00000070])

    Base Addr    Size         Type   Attr      Idx    E Section Name        Object

    0x20000000   0x0000000c   Data   RW            2    .data               main.o
    0x2000000c   0x00000014   Data   RW          228    .data               system_stm32f10x.o
    0x20000020   0x0000001c   Data   RW          259    .data               parameter.o
    0x2000003c   0x00000034   Data   RW          349    .data               task.o
    0x20000070   0x00000004   Data   RW          450    .data               rtc.o
    0x20000074   0x00000004   PAD
    0x20000078   0x00000094   Data   RW          636    .data               usart2.o
    0x2000010c   0x00000008   Data   RW          710    .data               eeprom.o
    0x20000114   0x00000004   Data   RW          767    .data               delay.o
    0x20000118   0x00000006   Data   RW          819    .data               usart.o
    0x2000011e   0x00000014   Data   RW         1757    .data               stm32f10x_rcc.o
    0x20000132   0x00000002   PAD
    0x20000134   0x00004c46   Zero   RW          258    .bss                parameter.o
    0x20004d7a   0x00000002   PAD
    0x20004d7c   0x000007e4   Zero   RW          348    .bss                task.o
    0x20005560   0x0000000a   Zero   RW          448    .bss                rtc.o
    0x2000556a   0x00000800   Zero   RW          537    .bss                flash.o
    0x20005d6a   0x00000006   PAD
    0x20005d70   0x00000190   Zero   RW          634    .bss                usart2.o
    0x20005f00   0x000000c8   Zero   RW          818    .bss                usart.o
    0x20005fc8   0x00000060   Zero   RW         3018    .bss                c_w.l(libspace.o)
    0x20006028   0x00000200   Zero   RW          867    HEAP                startup_stm32f10x_hd.o
    0x20006228   0x00000400   Zero   RW          866    STACK               startup_stm32f10x_hd.o


==============================================================================

Image component sizes


      Code (inc. data)   RO Data    RW Data    ZI Data      Debug   Object Name

       258         14          0          0          0       1691   adc.o
         0          0          0          0          0         32   core_cm3.o
       220         26          0          4          0       1615   delay.o
      1280         86          0          8          0       7514   eeprom.o
       310         10          0          0       2048       3261   flash.o
       104         12          0          0          0        946   gpio.o
       312         48          0          0          0       1123   hc05.o
       160         46          0         12          0     271649   main.o
       172         22          0          0          0       1977   misc.o
         0          0          0         28      19526        483   parameter.o
       936         74         24          4         10       5446   rtc.o
        64         26        304          0       1536        784   startup_stm32f10x_hd.o
       486         24          0          0          0       8266   stm32f10x_adc.o
        16          0          0          0          0        461   stm32f10x_bkp.o
       274         30          0          0          0       3266   stm32f10x_flash.o
       286          0          0          0          0       2944   stm32f10x_gpio.o
        26          0          0          0          0       3522   stm32f10x_it.o
        76         22          0          0          0       1448   stm32f10x_pwr.o
       516         76          0         20          0       8555   stm32f10x_rcc.o
       288         52          0          0          0       5439   stm32f10x_rtc.o
       252         42          0          0          0       3919   stm32f10x_tim.o
       564         28          0          0          0       5409   stm32f10x_usart.o
       172         12          0          0          0       1606   sys.o
       328         28          0         20          0       1985   system_stm32f10x.o
      5376        846          0         52       2020      11047   task.o
       124         12          0          0          0       1066   timer.o
       338         28          0          6        200       4044   usart.o
      1368        230        237        148        400       7462   usart2.o
        40          0          0          0          0        882   wkup.o

    ----------------------------------------------------------------------
     14368       1794        600        308      25748     367842   Object Totals
         0          0         32          0          0          0   (incl. Generated)
        22          0          3          6          8          0   (incl. Padding)

    ----------------------------------------------------------------------

      Code (inc. data)   RO Data    RW Data    ZI Data      Debug   Library Member Name

        24          4          0          0          0         84   __2printf.o
        44          6          0          0          0         84   __2sprintf.o
        90          0          0          0          0          0   __dczerorl2.o
         8          0          0          0          0         68   __main.o
       392          4         17          0          0         92   __printf_flags_ss_wp.o
        14          0          0          0          0         68   __printf_wp.o
         0          0          0          0          0          0   __rtentry.o
        12          0          0          0          0          0   __rtentry2.o
         6          0          0          0          0          0   __rtentry4.o
        52          8          0          0          0          0   __scatter.o
        28          0          0          0          0          0   __scatter_zi.o
         6          0          0          0          0          0   _printf_a.o
         6          0          0          0          0          0   _printf_c.o
        44          0          0          0          0        108   _printf_char.o
        48          6          0          0          0         96   _printf_char_common.o
        36          4          0          0          0         80   _printf_char_file.o
        40          0          0          0          0         68   _printf_charcount.o
         6          0          0          0          0          0   _printf_d.o
       120         16          0          0          0         92   _printf_dec.o
         6          0          0          0          0          0   _printf_e.o
         6          0          0          0          0          0   _printf_f.o
      1050          0          0          0          0        216   _printf_fp_dec.o
       128         16          0          0          0         84   _printf_fp_infnan.o
         6          0          0          0          0          0   _printf_g.o
       148          4         40          0          0        160   _printf_hex_int_ll_ptr.o
         6          0          0          0          0          0   _printf_i.o
       178          0          0          0          0         88   _printf_intcommon.o
        10          0          0          0          0          0   _printf_l.o
         6          0          0          0          0          0   _printf_lc.o
        10          0          0          0          0          0   _printf_ll.o
         6          0          0          0          0          0   _printf_lld.o
         6          0          0          0          0          0   _printf_lli.o
         6          0          0          0          0          0   _printf_llo.o
         6          0          0          0          0          0   _printf_llu.o
         6          0          0          0          0          0   _printf_llx.o
       124         16          0          0          0         92   _printf_longlong_dec.o
         6          0          0          0          0          0   _printf_ls.o
         6          0          0          0          0          0   _printf_n.o
         6          0          0          0          0          0   _printf_o.o
       112          8          0          0          0        124   _printf_oct_int_ll.o
         6          0          0          0          0          0   _printf_p.o
        78          0          0          0          0        108   _printf_pad.o
         0          0          0          0          0          0   _printf_percent.o
         4          0          0          0          0          0   _printf_percent_end.o
         6          0          0          0          0          0   _printf_s.o
        82          0          0          0          0         80   _printf_str.o
        36          0          0          0          0         84   _printf_truncate.o
         6          0          0          0          0          0   _printf_u.o
        44          0          0          0          0        108   _printf_wchar.o
       188          6          8          0          0         92   _printf_wctomb.o
         6          0          0          0          0          0   _printf_x.o
        10          0          0          0          0         68   _sputc.o
        64          0          0          0          0         92   _wcrtomb.o
       220          4        148          0          0         96   bigflt0.o
      1910        128          0          0          0        672   btod.o
        36          4          0          0          0         76   c89vsprintf.o
        12          0          0          0          0         72   exit.o
         8          0          0          0          0         68   ferror.o
         6          0          0          0          0        152   heapauxi.o
        44         10        272          0          0         76   lc_ctype_c.o
        44         10         28          0          0         76   lc_numeric_c.o
         2          0          0          0          0          0   libinit.o
        30          0          0          0          0          0   libinit2.o
         2          0          0          0          0          0   libshutdown.o
         2          0          0          0          0          0   libshutdown2.o
         8          4          0          0         96         68   libspace.o
       138          0          0          0          0         80   lludiv10.o
        88          0          0          0          0         76   memcmp.o
        16          4          0          0          0         76   rt_ctype_table.o
         8          4          0          0          0         68   rt_locale_intlibspace.o
        68          0          0          0          0         68   rt_memclr.o
        78          0          0          0          0         80   rt_memclr_w.o
         2          0          0          0          0          0   rtexit.o
        10          0          0          0          0          0   rtexit2.o
        24          0          0          0          0         68   strcat.o
       128          0          0          0          0         68   strcmpv7m.o
        62          0          0          0          0         76   strlen.o
        36          0          0          0          0         80   strstr.o
        74          0          0          0          0         80   sys_stackheap_outer.o
         2          0          0          0          0         68   use_no_semi.o
         2          0          0          0          0         68   use_no_semi_2.o
        98          4          0          0          0         92   d2f.o
       826         16          0          0          0        348   daddsub_clz.o
        24          0          0          0          0         68   dcmpi.o
       688        140          0          0          0        208   ddiv.o
        90          4          0          0          0         92   dfixu.o
        84          0          0          0          0        136   dflt_clz.o
       120          4          0          0          0         92   dleqf.o
       340         12          0          0          0        104   dmul.o
       156          4          0          0          0         92   dnaninf.o
        12          0          0          0          0         68   dretinf.o
       108          0          0          0          0         80   drleqf.o
        86          4          0          0          0         84   f2d.o
       450          8          0          0          0        236   faddsub_clz.o
        24          0          0          0          0         68   fcmpi.o
       388         76          0          0          0         96   fdiv.o
        54          4          0          0          0         84   ffix.o
        62          4          0          0          0         84   ffixu.o
        86          0          0          0          0        136   fflt_clz.o
       104          4          0          0          0         84   fleqf.o
       258          4          0          0          0         84   fmul.o
       140          4          0          0          0         84   fnaninf.o
        10          0          0          0          0         68   fretinf.o
        98          0          0          0          0         68   frleqf.o
         4          0          0          0          0         68   printf1.o
         0          0          0          0          0          0   usenofp.o
        40          0          0          0          0         68   fpclassify.o

    ----------------------------------------------------------------------
     10782        558        514          0         96       7240   Library Totals
        28          0          1          0          0          0   (incl. Padding)

    ----------------------------------------------------------------------

      Code (inc. data)   RO Data    RW Data    ZI Data      Debug   Library Name

      6404        266        513          0         96       4548   c_w.l
      4310        292          0          0          0       2624   fz_ws.l
        40          0          0          0          0         68   m_ws.l

    ----------------------------------------------------------------------
     10782        558        514          0         96       7240   Library Totals

    ----------------------------------------------------------------------

==============================================================================


      Code (inc. data)   RO Data    RW Data    ZI Data      Debug   

     25150       2352       1114        308      25844     364054   Grand Totals
     25150       2352       1114        112      25844     364054   ELF Image Totals (compressed)
     25150       2352       1114        112          0          0   ROM Totals

==============================================================================

    Total RO  Size (Code + RO Data)                26264 (  25.65kB)
    Total RW  Size (RW Data + ZI Data)             26152 (  25.54kB)
    Total ROM Size (Code + RO Data + RW Data)      26376 (  25.76kB)

==============================================================================

